Component: Arm Compiler for Embedded 6.19 Tool: armlink [5e73cb00]

==============================================================================

Section Cross References

    startup_stm32f103xb.o(STACK) refers (Special) to heapauxi.o(.text) for __use_two_region_memory
    startup_stm32f103xb.o(HEAP) refers (Special) to heapauxi.o(.text) for __use_two_region_memory
    startup_stm32f103xb.o(RESET) refers (Special) to heapauxi.o(.text) for __use_two_region_memory
    startup_stm32f103xb.o(RESET) refers to startup_stm32f103xb.o(STACK) for __initial_sp
    startup_stm32f103xb.o(RESET) refers to startup_stm32f103xb.o(.text) for Reset_Handler
    startup_stm32f103xb.o(RESET) refers to stm32f1xx_it.o(.text.NMI_Handler) for NMI_Handler
    startup_stm32f103xb.o(RESET) refers to stm32f1xx_it.o(.text.HardFault_Handler) for HardFault_Handler
    startup_stm32f103xb.o(RESET) refers to stm32f1xx_it.o(.text.MemManage_Handler) for MemManage_Handler
    startup_stm32f103xb.o(RESET) refers to stm32f1xx_it.o(.text.BusFault_Handler) for BusFault_Handler
    startup_stm32f103xb.o(RESET) refers to stm32f1xx_it.o(.text.UsageFault_Handler) for UsageFault_Handler
    startup_stm32f103xb.o(RESET) refers to stm32f1xx_it.o(.text.SVC_Handler) for SVC_Handler
    startup_stm32f103xb.o(RESET) refers to stm32f1xx_it.o(.text.DebugMon_Handler) for DebugMon_Handler
    startup_stm32f103xb.o(RESET) refers to stm32f1xx_it.o(.text.PendSV_Handler) for PendSV_Handler
    startup_stm32f103xb.o(RESET) refers to stm32f1xx_it.o(.text.SysTick_Handler) for SysTick_Handler
    startup_stm32f103xb.o(RESET) refers to stm32f1xx_it.o(.text.EXTI0_IRQHandler) for EXTI0_IRQHandler
    startup_stm32f103xb.o(RESET) refers to stm32f1xx_it.o(.text.DMA1_Channel1_IRQHandler) for DMA1_Channel1_IRQHandler
    startup_stm32f103xb.o(.text) refers (Special) to heapauxi.o(.text) for __use_two_region_memory
    startup_stm32f103xb.o(.text) refers to system_stm32f1xx.o(.text.SystemInit) for SystemInit
    startup_stm32f103xb.o(.text) refers to __main.o(!!!main) for __main
    startup_stm32f103xb.o(.text) refers to startup_stm32f103xb.o(HEAP) for Heap_Mem
    startup_stm32f103xb.o(.text) refers to startup_stm32f103xb.o(STACK) for Stack_Mem
    fonts.o(.text.FONTS_GetStringSize) refers to strlen.o(.text) for strlen
    fonts.o(.ARM.exidx.text.FONTS_GetStringSize) refers to fonts.o(.text.FONTS_GetStringSize) for [Anonymous Symbol]
    fonts.o(.data.Font_7x10) refers to fonts.o(.rodata.Font7x10) for Font7x10
    fonts.o(.data.Font_11x18) refers to fonts.o(.rodata.Font11x18) for Font11x18
    fonts.o(.data.Font_16x26) refers to fonts.o(.rodata.Font16x26) for Font16x26
    ssd1306.o(.text.SSD1306_ScrollRight) refers to main.o(.bss.hi2c1) for hi2c1
    ssd1306.o(.text.SSD1306_ScrollRight) refers to stm32f1xx_hal_i2c.o(.text.HAL_I2C_Master_Transmit) for HAL_I2C_Master_Transmit
    ssd1306.o(.ARM.exidx.text.SSD1306_ScrollRight) refers to ssd1306.o(.text.SSD1306_ScrollRight) for [Anonymous Symbol]
    ssd1306.o(.text.ssd1306_I2C_Write) refers to main.o(.bss.hi2c1) for hi2c1
    ssd1306.o(.text.ssd1306_I2C_Write) refers to stm32f1xx_hal_i2c.o(.text.HAL_I2C_Master_Transmit) for HAL_I2C_Master_Transmit
    ssd1306.o(.ARM.exidx.text.ssd1306_I2C_Write) refers to ssd1306.o(.text.ssd1306_I2C_Write) for [Anonymous Symbol]
    ssd1306.o(.text.SSD1306_ScrollLeft) refers to main.o(.bss.hi2c1) for hi2c1
    ssd1306.o(.text.SSD1306_ScrollLeft) refers to stm32f1xx_hal_i2c.o(.text.HAL_I2C_Master_Transmit) for HAL_I2C_Master_Transmit
    ssd1306.o(.ARM.exidx.text.SSD1306_ScrollLeft) refers to ssd1306.o(.text.SSD1306_ScrollLeft) for [Anonymous Symbol]
    ssd1306.o(.text.SSD1306_Scrolldiagright) refers to main.o(.bss.hi2c1) for hi2c1
    ssd1306.o(.text.SSD1306_Scrolldiagright) refers to stm32f1xx_hal_i2c.o(.text.HAL_I2C_Master_Transmit) for HAL_I2C_Master_Transmit
    ssd1306.o(.ARM.exidx.text.SSD1306_Scrolldiagright) refers to ssd1306.o(.text.SSD1306_Scrolldiagright) for [Anonymous Symbol]
    ssd1306.o(.text.SSD1306_Scrolldiagleft) refers to main.o(.bss.hi2c1) for hi2c1
    ssd1306.o(.text.SSD1306_Scrolldiagleft) refers to stm32f1xx_hal_i2c.o(.text.HAL_I2C_Master_Transmit) for HAL_I2C_Master_Transmit
    ssd1306.o(.ARM.exidx.text.SSD1306_Scrolldiagleft) refers to ssd1306.o(.text.SSD1306_Scrolldiagleft) for [Anonymous Symbol]
    ssd1306.o(.text.SSD1306_Stopscroll) refers to main.o(.bss.hi2c1) for hi2c1
    ssd1306.o(.text.SSD1306_Stopscroll) refers to stm32f1xx_hal_i2c.o(.text.HAL_I2C_Master_Transmit) for HAL_I2C_Master_Transmit
    ssd1306.o(.ARM.exidx.text.SSD1306_Stopscroll) refers to ssd1306.o(.text.SSD1306_Stopscroll) for [Anonymous Symbol]
    ssd1306.o(.text.SSD1306_InvertDisplay) refers to main.o(.bss.hi2c1) for hi2c1
    ssd1306.o(.text.SSD1306_InvertDisplay) refers to stm32f1xx_hal_i2c.o(.text.HAL_I2C_Master_Transmit) for HAL_I2C_Master_Transmit
    ssd1306.o(.ARM.exidx.text.SSD1306_InvertDisplay) refers to ssd1306.o(.text.SSD1306_InvertDisplay) for [Anonymous Symbol]
[...]
    ../clib/printf.c                         0x00000000   Number         0  __printf_ss_wp.o ABSOLUTE
    ../clib/printf.c                         0x00000000   Number         0  __printf_flags_ss_wp.o ABSOLUTE
    ../clib/printf.c                         0x00000000   Number         0  _printf_fp_dec.o ABSOLUTE
    ../clib/printf.c                         0x00000000   Number         0  _printf_fp_dec_accurate.o ABSOLUTE
    ../clib/printf.c                         0x00000000   Number         0  _printf_char_common.o ABSOLUTE
    ../clib/printf.c                         0x00000000   Number         0  _sputc.o ABSOLUTE
    ../clib/printf.c                         0x00000000   Number         0  _printf_fp_infnan.o ABSOLUTE
    ../clib/printf.c                         0x00000000   Number         0  __printf_nopercent.o ABSOLUTE
    ../clib/printf_percent.s                 0x00000000   Number         0  _printf_f.o ABSOLUTE
    ../clib/printf_percent.s                 0x00000000   Number         0  _printf_percent.o ABSOLUTE
    ../clib/printf_percent.s                 0x00000000   Number         0  _printf_percent_end.o ABSOLUTE
    ../clib/signal.c                         0x00000000   Number         0  defsig_rtmem_outer.o ABSOLUTE
    ../clib/signal.c                         0x00000000   Number         0  defsig_rtmem_formal.o ABSOLUTE
    ../clib/signal.c                         0x00000000   Number         0  defsig_exit.o ABSOLUTE
    ../clib/signal.c                         0x00000000   Number         0  defsig_rtmem_inner.o ABSOLUTE
    ../clib/signal.c                         0x00000000   Number         0  __raise.o ABSOLUTE
    ../clib/signal.c                         0x00000000   Number         0  defsig_general.o ABSOLUTE
    ../clib/signal.c                         0x00000000   Number         0  defsig_abrt_inner.o ABSOLUTE
    ../clib/signal.c                         0x00000000   Number         0  defsig_fpe_inner.o ABSOLUTE
    ../clib/signal.c                         0x00000000   Number         0  defsig_rtred_inner.o ABSOLUTE
    ../clib/signal.c                         0x00000000   Number         0  defsig_stak_inner.o ABSOLUTE
    ../clib/signal.c                         0x00000000   Number         0  defsig_pvfn_inner.o ABSOLUTE
    ../clib/signal.c                         0x00000000   Number         0  defsig_cppl_inner.o ABSOLUTE
    ../clib/signal.c                         0x00000000   Number         0  defsig_segv_inner.o ABSOLUTE
    ../clib/signal.c                         0x00000000   Number         0  defsig_other.o ABSOLUTE
    ../clib/signal.s                         0x00000000   Number         0  defsig.o ABSOLUTE
    ../clib/stdlib.c                         0x00000000   Number         0  exit.o ABSOLUTE
    ../clib/string.c                         0x00000000   Number         0  strlen.o ABSOLUTE
    ../fplib/d2f.s                           0x00000000   Number         0  d2f.o ABSOLUTE
    ../fplib/daddsub.s                       0x00000000   Number         0  daddsub_clz.o ABSOLUTE
    ../fplib/dcmp.s                          0x00000000   Number         0  dcmp.o ABSOLUTE
    ../fplib/dcmpi.s                         0x00000000   Number         0  dcmpi.o ABSOLUTE
    ../fplib/ddiv.s                          0x00000000   Number         0  ddiv.o ABSOLUTE
    ../fplib/deqf.s                          0x00000000   Number         0  deqf.o ABSOLUTE
    ../fplib/dflt.s                          0x00000000   Number         0  dflt_clz.o ABSOLUTE
    ../fplib/dgeqf.s                         0x00000000   Number         0  dgeqf.o ABSOLUTE
    ../fplib/dleqf.s                         0x00000000   Number         0  dleqf.o ABSOLUTE
    ../fplib/dmul.s                          0x00000000   Number         0  dmul.o ABSOLUTE
    ../fplib/dnaninf.s                       0x00000000   Number         0  dnaninf.o ABSOLUTE
    ../fplib/dretinf.s                       0x00000000   Number         0  dretinf.o ABSOLUTE
    ../fplib/f2d.s                           0x00000000   Number         0  f2d.o ABSOLUTE
    ../fplib/fcmp.s                          0x00000000   Number         0  fcmp.o ABSOLUTE
    ../fplib/fcmpi.s                         0x00000000   Number         0  fcmpi.o ABSOLUTE
    ../fplib/feqf.s                          0x00000000   Number         0  feqf.o ABSOLUTE
    ../fplib/fgeqf.s                         0x00000000   Number         0  fgeqf.o ABSOLUTE
    ../fplib/fleqf.s                         0x00000000   Number         0  fleqf.o ABSOLUTE
    ../fplib/fmul.s                          0x00000000   Number         0  fmul.o ABSOLUTE
    ../fplib/fnaninf.s                       0x00000000   Number         0  fnaninf.o ABSOLUTE
    ../fplib/fpinit.s                        0x00000000   Number         0  fpinit.o ABSOLUTE
    ../fplib/fpinit_empty.s                  0x00000000   Number         0  fpinit_empty.o ABSOLUTE
    ../fplib/fretinf.s                       0x00000000   Number         0  fretinf.o ABSOLUTE
    ../fplib/istatus.s                       0x00000000   Number         0  istatus.o ABSOLUTE
    ../fplib/printf1.s                       0x00000000   Number         0  printf1.o ABSOLUTE
    ../fplib/usenofp.s                       0x00000000   Number         0  usenofp.o ABSOLUTE
    ../mathlib/fpclassify.c                  0x00000000   Number         0  fpclassify.o ABSOLUTE
    dc.s                                     0x00000000   Number         0  dc.o ABSOLUTE
    fonts.c                                  0x00000000   Number         0  fonts.o ABSOLUTE
    main.c                                   0x00000000   Number         0  main.o ABSOLUTE
    ssd1306.c                                0x00000000   Number         0  ssd1306.o ABSOLUTE
    startup_stm32f103xb.s                    0x00000000   Number         0  startup_stm32f103xb.o ABSOLUTE
    stm32f1xx_hal.c                          0x00000000   Number         0  stm32f1xx_hal.o ABSOLUTE
    stm32f1xx_hal_adc.c                      0x00000000   Number         0  stm32f1xx_hal_adc.o ABSOLUTE
    stm32f1xx_hal_adc_ex.c                   0x00000000   Number         0  stm32f1xx_hal_adc_ex.o ABSOLUTE
    stm32f1xx_hal_cortex.c                   0x00000000   Number         0  stm32f1xx_hal_cortex.o ABSOLUTE
    stm32f1xx_hal_dma.c                      0x00000000   Number         0  stm32f1xx_hal_dma.o ABSOLUTE
    stm32f1xx_hal_exti.c                     0x00000000   Number         0  stm32f1xx_hal_exti.o ABSOLUTE
    stm32f1xx_hal_flash.c                    0x00000000   Number         0  stm32f1xx_hal_flash.o ABSOLUTE
    stm32f1xx_hal_flash_ex.c                 0x00000000   Number         0  stm32f1xx_hal_flash_ex.o ABSOLUTE
    stm32f1xx_hal_gpio.c                     0x00000000   Number         0  stm32f1xx_hal_gpio.o ABSOLUTE
    stm32f1xx_hal_gpio_ex.c                  0x00000000   Number         0  stm32f1xx_hal_gpio_ex.o ABSOLUTE
    stm32f1xx_hal_i2c.c                      0x00000000   Number         0  stm32f1xx_hal_i2c.o ABSOLUTE
    stm32f1xx_hal_msp.c                      0x00000000   Number         0  stm32f1xx_hal_msp.o ABSOLUTE
    stm32f1xx_hal_pwr.c                      0x00000000   Number         0  stm32f1xx_hal_pwr.o ABSOLUTE
    stm32f1xx_hal_rcc.c                      0x00000000   Number         0  stm32f1xx_hal_rcc.o ABSOLUTE
    stm32f1xx_hal_rcc_ex.c                   0x00000000   Number         0  stm32f1xx_hal_rcc_ex.o ABSOLUTE
    stm32f1xx_hal_tim.c                      0x00000000   Number         0  stm32f1xx_hal_tim.o ABSOLUTE
    stm32f1xx_hal_tim_ex.c                   0x00000000   Number         0  stm32f1xx_hal_tim_ex.o ABSOLUTE
    stm32f1xx_it.c                           0x00000000   Number         0  stm32f1xx_it.o ABSOLUTE
    system_stm32f1xx.c                       0x00000000   Number         0  system_stm32f1xx.o ABSOLUTE
    test.c                                   0x00000000   Number         0  test.o ABSOLUTE
    RESET                                    0x08000000   Section      236  startup_stm32f103xb.o(RESET)
    !!!main                                  0x080000ec   Section        8  __main.o(!!!main)
    !!!scatter                               0x080000f4   Section       52  __scatter.o(!!!scatter)
    !!handler_copy                           0x08000128   Section       26  __scatter_copy.o(!!handler_copy)
    !!handler_zi                             0x08000144   Section       28  __scatter_zi.o(!!handler_zi)
    .ARM.Collect$$_printf_percent$$00000000  0x08000160   Section        0  _printf_percent.o(.ARM.Collect$$_printf_percent$$00000000)
    .ARM.Collect$$_printf_percent$$00000003  0x08000160   Section        6  _printf_f.o(.ARM.Collect$$_printf_percent$$00000003)
    .ARM.Collect$$_printf_percent$$00000017  0x08000166   Section        4  _printf_percent_end.o(.ARM.Collect$$_printf_percent$$00000017)
    .ARM.Collect$$libinit$$00000000          0x0800016a   Section        2  libinit.o(.ARM.Collect$$libinit$$00000000)
    .ARM.Collect$$libinit$$00000002          0x0800016c   Section        0  libinit2.o(.ARM.Collect$$libinit$$00000002)
    .ARM.Collect$$libinit$$00000004          0x0800016c   Section        0  libinit2.o(.ARM.Collect$$libinit$$00000004)
    .ARM.Collect$$libinit$$00000006          0x0800016c   Section        0  libinit2.o(.ARM.Collect$$libinit$$00000006)
    .ARM.Collect$$libinit$$0000000C          0x0800016c   Section        0  libinit2.o(.ARM.Collect$$libinit$$0000000C)
    .ARM.Collect$$libinit$$0000000E          0x0800016c   Section        0  libinit2.o(.ARM.Collect$$libinit$$0000000E)
    .ARM.Collect$$libinit$$00000010          0x0800016c   Section        0  libinit2.o(.ARM.Collect$$libinit$$00000010)
    .ARM.Collect$$libinit$$00000011          0x0800016c   Section        6  libinit2.o(.ARM.Collect$$libinit$$00000011)
    .ARM.Collect$$libinit$$00000013          0x08000172   Section        0  libinit2.o(.ARM.Collect$$libinit$$00000013)
    .ARM.Collect$$libinit$$00000015          0x08000172   Section        0  libinit2.o(.ARM.Collect$$libinit$$00000015)
    .ARM.Collect$$libinit$$00000017          0x08000172   Section        0  libinit2.o(.ARM.Collect$$libinit$$00000017)
    .ARM.Collect$$libinit$$00000018          0x08000172   Section       10  libinit2.o(.ARM.Collect$$libinit$$00000018)
    .ARM.Collect$$libinit$$00000019          0x0800017c   Section        0  libinit2.o(.ARM.Collect$$libinit$$00000019)
    .ARM.Collect$$libinit$$0000001B          0x0800017c   Section        0  libinit2.o(.ARM.Collect$$libinit$$0000001B)
    .ARM.Collect$$libinit$$0000001D          0x0800017c   Section        0  libinit2.o(.ARM.Collect$$libinit$$0000001D)
    .ARM.Collect$$libinit$$0000001F          0x0800017c   Section        0  libinit2.o(.ARM.Collect$$libinit$$0000001F)
    .ARM.Collect$$libinit$$00000021          0x0800017c   Section        0  libinit2.o(.ARM.Collect$$libinit$$00000021)
    .ARM.Collect$$libinit$$00000023          0x0800017c   Section        0  libinit2.o(.ARM.Collect$$libinit$$00000023)
    .ARM.Collect$$libinit$$00000025          0x0800017c   Section        0  libinit2.o(.ARM.Collect$$libinit$$00000025)
    .ARM.Collect$$libinit$$00000027          0x0800017c   Section        0  libinit2.o(.ARM.Collect$$libinit$$00000027)
    .ARM.Collect$$libinit$$0000002E          0x0800017c   Section        0  libinit2.o(.ARM.Collect$$libinit$$0000002E)
    .ARM.Collect$$libinit$$00000030          0x0800017c   Section        0  libinit2.o(.ARM.Collect$$libinit$$00000030)
    .ARM.Collect$$libinit$$00000032          0x0800017c   Section        0  libinit2.o(.ARM.Collect$$libinit$$00000032)
    .ARM.Collect$$libinit$$00000034          0x0800017c   Section        0  libinit2.o(.ARM.Collect$$libinit$$00000034)
    .ARM.Collect$$libinit$$00000035          0x0800017c   Section        2  libinit2.o(.ARM.Collect$$libinit$$00000035)
    .ARM.Collect$$libshutdown$$00000000      0x0800017e   Section        2  libshutdown.o(.ARM.Collect$$libshutdown$$00000000)
    .ARM.Collect$$libshutdown$$00000002      0x08000180   Section        0  libshutdown2.o(.ARM.Collect$$libshutdown$$00000002)
    .ARM.Collect$$libshutdown$$00000004      0x08000180   Section        0  libshutdown2.o(.ARM.Collect$$libshutdown$$00000004)
    .ARM.Collect$$libshutdown$$00000007      0x08000180   Section        0  libshutdown2.o(.ARM.Collect$$libshutdown$$00000007)
    .ARM.Collect$$libshutdown$$0000000A      0x08000180   Section        0  libshutdown2.o(.ARM.Collect$$libshutdown$$0000000A)
    .ARM.Collect$$libshutdown$$0000000C      0x08000180   Section        0  libshutdown2.o(.ARM.Collect$$libshutdown$$0000000C)
    .ARM.Collect$$libshutdown$$0000000F      0x08000180   Section        0  libshutdown2.o(.ARM.Collect$$libshutdown$$0000000F)
    .ARM.Collect$$libshutdown$$00000010      0x08000180   Section        2  libshutdown2.o(.ARM.Collect$$libshutdown$$00000010)
    .ARM.Collect$$rtentry$$00000000          0x08000182   Section        0  __rtentry.o(.ARM.Collect$$rtentry$$00000000)
    .ARM.Collect$$rtentry$$00000002          0x08000182   Section        0  __rtentry2.o(.ARM.Collect$$rtentry$$00000002)
    .ARM.Collect$$rtentry$$00000004          0x08000182   Section        6  __rtentry4.o(.ARM.Collect$$rtentry$$00000004)
    .ARM.Collect$$rtentry$$00000009          0x08000188   Section        0  __rtentry2.o(.ARM.Collect$$rtentry$$00000009)
    .ARM.Collect$$rtentry$$0000000A          0x08000188   Section        4  __rtentry2.o(.ARM.Collect$$rtentry$$0000000A)
    .ARM.Collect$$rtentry$$0000000C          0x0800018c   Section        0  __rtentry2.o(.ARM.Collect$$rtentry$$0000000C)
    .ARM.Collect$$rtentry$$0000000D          0x0800018c   Section        8  __rtentry2.o(.ARM.Collect$$rtentry$$0000000D)
    .ARM.Collect$$rtexit$$00000000           0x08000194   Section        2  rtexit.o(.ARM.Collect$$rtexit$$00000000)
    .ARM.Collect$$rtexit$$00000002           0x08000196   Section        0  rtexit2.o(.ARM.Collect$$rtexit$$00000002)
    .ARM.Collect$$rtexit$$00000003           0x08000196   Section        4  rtexit2.o(.ARM.Collect$$rtexit$$00000003)
    .ARM.Collect$$rtexit$$00000004           0x0800019a   Section        6  rtexit2.o(.ARM.Collect$$rtexit$$00000004)
    .text                                    0x080001a0   Section       64  startup_stm32f103xb.o(.text)
    .text                                    0x080001e0   Section        0  noretval__2sprintf.o(.text)
    .text                                    0x08000208   Section        0  __printf_wp.o(.text)
    .text                                    0x08000316   Section      138  rt_memcpy_v6.o(.text)
    .text                                    0x080003a0   Section       78  rt_memclr_w.o(.text)
    .text                                    0x080003ee   Section        0  heapauxi.o(.text)
    _fp_digits                               0x080003f5   Thumb Code   432  _printf_fp_dec.o(.text)
    .text                                    0x080003f4   Section        0  _printf_fp_dec.o(.text)
    _printf_input_char                       0x08000811   Thumb Code    10  _printf_char_common.o(.text)
    .text                                    0x08000810   Section        0  _printf_char_common.o(.text)
    .text                                    0x08000840   Section        0  _sputc.o(.text)
    .text                                    0x0800084a   Section      100  rt_memcpy_w.o(.text)
    .text                                    0x080008b0   Section        8  rt_locale_intlibspace.o(.text)
    .text                                    0x080008b8   Section      138  lludiv10.o(.text)
    .text                                    0x08000944   Section        0  _printf_fp_infnan.o(.text)
    .text                                    0x080009c4   Section        0  bigflt0.o(.text)
    .text                                    0x08000aa8   Section        8  libspace.o(.text)
    .text                                    0x08000ab0   Section       74  sys_stackheap_outer.o(.text)
    .text                                    0x08000afa   Section        0  exit.o(.text)
    .text                                    0x08000b0c   Section      128  strcmpv7m.o(.text)
    .text                                    0x08000b8c   Section        0  sys_exit.o(.text)
    .text                                    0x08000b98   Section        2  use_no_semi.o(.text)
    .text                                    0x08000b9a   Section        0  indicate_semi.o(.text)
    [Anonymous Symbol]                       0x08000b9c   Section        0  stm32f1xx_hal_adc.o(.text.ADC_DMAConvCplt)
    [Anonymous Symbol]                       0x08000bf0   Section        0  stm32f1xx_hal_adc.o(.text.ADC_DMAError)
    [Anonymous Symbol]                       0x08000c08   Section        0  stm32f1xx_hal_adc.o(.text.ADC_DMAHalfConvCplt)
    [Anonymous Symbol]                       0x08000c10   Section        0  stm32f1xx_hal_adc.o(.text.ADC_Enable)
    [Anonymous Symbol]                       0x08000cc8   Section        0  stm32f1xx_it.o(.text.BusFault_Handler)
    [Anonymous Symbol]                       0x08000ccc   Section        0  stm32f1xx_it.o(.text.DMA1_Channel1_IRQHandler)
    [Anonymous Symbol]                       0x08000cd8   Section        0  stm32f1xx_it.o(.text.DebugMon_Handler)
    [Anonymous Symbol]                       0x08000cdc   Section        0  stm32f1xx_it.o(.text.EXTI0_IRQHandler)
    [Anonymous Symbol]                       0x08000cf8   Section        0  main.o(.text.Error_Handler)
    [Anonymous Symbol]                       0x08000d04   Section        0  stm32f1xx_hal_adc.o(.text.HAL_ADC_ConfigChannel)
    [Anonymous Symbol]                       0x08000e90   Section        0  stm32f1xx_hal_adc.o(.text.HAL_ADC_ConvCpltCallback)
    [Anonymous Symbol]                       0x08000e94   Section        0  stm32f1xx_hal_adc.o(.text.HAL_ADC_ConvHalfCpltCallback)
    [Anonymous Symbol]                       0x08000e98   Section        0  stm32f1xx_hal_adc.o(.text.HAL_ADC_ErrorCallback)
    [Anonymous Symbol]                       0x08000e9c   Section        0  stm32f1xx_hal_adc.o(.text.HAL_ADC_Init)
    [Anonymous Symbol]                       0x08000ff8   Section        0  stm32f1xx_hal_msp.o(.text.HAL_ADC_MspInit)
    [Anonymous Symbol]                       0x080010c4   Section        0  stm32f1xx_hal_adc.o(.text.HAL_ADC_Start_DMA)
    [Anonymous Symbol]                       0x080011dc   Section        0  stm32f1xx_hal_dma.o(.text.HAL_DMA_IRQHandler)
    [Anonymous Symbol]                       0x08001378   Section        0  stm32f1xx_hal_dma.o(.text.HAL_DMA_Init)
    [Anonymous Symbol]                       0x080013f0   Section        0  stm32f1xx_hal_dma.o(.text.HAL_DMA_Start_IT)
    [Anonymous Symbol]                       0x0800148c   Section        0  stm32f1xx_hal_gpio.o(.text.HAL_GPIO_EXTI_Callback)
    [Anonymous Symbol]                       0x08001490   Section        0  stm32f1xx_hal_gpio.o(.text.HAL_GPIO_EXTI_IRQHandler)
    [Anonymous Symbol]                       0x080014a8   Section        0  stm32f1xx_hal_gpio.o(.text.HAL_GPIO_Init)
    [Anonymous Symbol]                       0x080016c4   Section        0  stm32f1xx_hal_gpio.o(.text.HAL_GPIO_ReadPin)
    [Anonymous Symbol]                       0x080016d0   Section        0  stm32f1xx_hal.o(.text.HAL_GetTick)
    [Anonymous Symbol]                       0x080016dc   Section        0  stm32f1xx_hal_i2c.o(.text.HAL_I2C_Init)
    [Anonymous Symbol]                       0x08001854   Section        0  stm32f1xx_hal_i2c.o(.text.HAL_I2C_IsDeviceReady)
    [Anonymous Symbol]                       0x08001a7c   Section        0  stm32f1xx_hal_i2c.o(.text.HAL_I2C_Master_Transmit)
    [Anonymous Symbol]                       0x08001ef4   Section        0  stm32f1xx_hal_msp.o(.text.HAL_I2C_MspInit)
    [Anonymous Symbol]                       0x08001f58   Section        0  stm32f1xx_hal.o(.text.HAL_IncTick)
    [Anonymous Symbol]                       0x08001f74   Section        0  stm32f1xx_hal.o(.text.HAL_Init)
    [Anonymous Symbol]                       0x08001f9c   Section        0  stm32f1xx_hal.o(.text.HAL_InitTick)
    [Anonymous Symbol]                       0x08001fe4   Section        0  stm32f1xx_hal_msp.o(.text.HAL_MspInit)
    [Anonymous Symbol]                       0x08002028   Section        0  stm32f1xx_hal_cortex.o(.text.HAL_NVIC_EnableIRQ)
    [Anonymous Symbol]                       0x08002050   Section        0  stm32f1xx_hal_cortex.o(.text.HAL_NVIC_SetPriority)
    [Anonymous Symbol]                       0x080020a8   Section        0  stm32f1xx_hal_cortex.o(.text.HAL_NVIC_SetPriorityGrouping)
    [Anonymous Symbol]                       0x080020c8   Section        0  stm32f1xx_hal_rcc_ex.o(.text.HAL_RCCEx_PeriphCLKConfig)
    [Anonymous Symbol]                       0x080021d4   Section        0  stm32f1xx_hal_rcc.o(.text.HAL_RCC_ClockConfig)
    [Anonymous Symbol]                       0x08002394   Section        0  stm32f1xx_hal_rcc.o(.text.HAL_RCC_GetPCLK1Freq)
    [Anonymous Symbol]                       0x080023bc   Section        0  stm32f1xx_hal_rcc.o(.text.HAL_RCC_OscConfig)
    [Anonymous Symbol]                       0x08002770   Section        0  stm32f1xx_hal_cortex.o(.text.HAL_SYSTICK_Callback)
    [Anonymous Symbol]                       0x08002774   Section        0  stm32f1xx_hal_cortex.o(.text.HAL_SYSTICK_Config)
    [Anonymous Symbol]                       0x080027a0   Section        0  stm32f1xx_hal_cortex.o(.text.HAL_SYSTICK_IRQHandler)
    [Anonymous Symbol]                       0x080027a4   Section        0  stm32f1xx_it.o(.text.HardFault_Handler)
    [Anonymous Symbol]                       0x080027a8   Section        0  stm32f1xx_it.o(.text.MemManage_Handler)
    [Anonymous Symbol]                       0x080027ac   Section        0  stm32f1xx_it.o(.text.NMI_Handler)
    [Anonymous Symbol]                       0x080027b0   Section        0  stm32f1xx_it.o(.text.PendSV_Handler)
    [Anonymous Symbol]                       0x080027b4   Section        0  ssd1306.o(.text.SSD1306_GotoXY)
    [Anonymous Symbol]                       0x080027c4   Section        0  ssd1306.o(.text.SSD1306_Init)
    [Anonymous Symbol]                       0x08002ac8   Section        0  ssd1306.o(.text.SSD1306_Putc)
    [Anonymous Symbol]                       0x08002bcc   Section        0  ssd1306.o(.text.SSD1306_Puts)
    [Anonymous Symbol]                       0x08002bfc   Section        0  ssd1306.o(.text.SSD1306_UpdateScreen)
    [Anonymous Symbol]                       0x08002c9c   Section        0  stm32f1xx_it.o(.text.SVC_Handler)
    [Anonymous Symbol]                       0x08002ca0   Section        0  stm32f1xx_it.o(.text.SysTick_Handler)
    [Anonymous Symbol]                       0x08002cb0   Section        0  system_stm32f1xx.o(.text.SystemInit)
    [Anonymous Symbol]                       0x08002cb4   Section        0  stm32f1xx_it.o(.text.UsageFault_Handler)
    [Anonymous Symbol]                       0x08002cb8   Section        0  main.o(.text.main)
    CL$$btod_d2e                             0x08003190   Section       62  btod.o(CL$$btod_d2e)
    CL$$btod_d2e_denorm_low                  0x080031ce   Section       70  btod.o(CL$$btod_d2e_denorm_low)
    CL$$btod_d2e_norm_op1                    0x08003214   Section       96  btod.o(CL$$btod_d2e_norm_op1)
    CL$$btod_div_common                      0x08003274   Section      824  btod.o(CL$$btod_div_common)
    CL$$btod_e2e                             0x080035ac   Section      220  btod.o(CL$$btod_e2e)
    CL$$btod_ediv                            0x08003688   Section       42  btod.o(CL$$btod_ediv)
    CL$$btod_emul                            0x080036b2   Section       42  btod.o(CL$$btod_emul)
    CL$$btod_mult_common                     0x080036dc   Section      580  btod.o(CL$$btod_mult_common)
    i.__ARM_fpclassify                       0x08003920   Section        0  fpclassify.o(i.__ARM_fpclassify)
    i._is_digit                              0x08003948   Section        0  __printf_wp.o(i._is_digit)
    locale$$code                             0x08003958   Section       44  lc_numeric_c.o(locale$$code)
    x$fpl$d2f                                0x08003984   Section       98  d2f.o(x$fpl$d2f)
    x$fpl$dadd                               0x080039e8   Section      336  daddsub_clz.o(x$fpl$dadd)
    _dadd1                                   0x080039f9   Thumb Code     0  daddsub_clz.o(x$fpl$dadd)
    x$fpl$dcmpinf                            0x08003b38   Section       24  dcmpi.o(x$fpl$dcmpinf)
    x$fpl$ddiv                               0x08003b50   Section      692  ddiv.o(x$fpl$ddiv)
    ddiv_entry                               0x08003b57   Thumb Code     0  ddiv.o(x$fpl$ddiv)
    x$fpl$deqf                               0x08003e04   Section      120  deqf.o(x$fpl$deqf)
    x$fpl$dfltu                              0x08003e7c   Section       38  dflt_clz.o(x$fpl$dfltu)
    x$fpl$dgeqf                              0x08003ea4   Section      120  dgeqf.o(x$fpl$dgeqf)
    x$fpl$dleqf                              0x08003f1c   Section      120  dleqf.o(x$fpl$dleqf)
    x$fpl$dmul                               0x08003f94   Section      340  dmul.o(x$fpl$dmul)
    x$fpl$dnaninf                            0x080040e8   Section      156  dnaninf.o(x$fpl$dnaninf)
    x$fpl$dretinf                            0x08004184   Section       12  dretinf.o(x$fpl$dretinf)
    x$fpl$dsub                               0x08004190   Section      476  daddsub_clz.o(x$fpl$dsub)
    _dsub1                                   0x080041a1   Thumb Code     0  daddsub_clz.o(x$fpl$dsub)
    x$fpl$f2d                                0x0800436c   Section       86  f2d.o(x$fpl$f2d)
    x$fpl$fcmp                               0x080043c2   Section       84  dcmp.o(x$fpl$fcmp)
    x$fpl$fcmp                               0x08004416   Section       84  fcmp.o(x$fpl$fcmp)
    x$fpl$fcmpinf                            0x0800446a   Section       24  fcmpi.o(x$fpl$fcmpinf)
    x$fpl$feqf                               0x08004484   Section      104  feqf.o(x$fpl$feqf)
    x$fpl$fgeqf                              0x080044ec   Section      104  fgeqf.o(x$fpl$fgeqf)
    x$fpl$fleqf                              0x08004554   Section      104  fleqf.o(x$fpl$fleqf)
    x$fpl$fmul                               0x080045bc   Section      258  fmul.o(x$fpl$fmul)
    x$fpl$fnaninf                            0x080046be   Section      140  fnaninf.o(x$fpl$fnaninf)
    x$fpl$fretinf                            0x0800474a   Section       10  fretinf.o(x$fpl$fretinf)
    x$fpl$printf1                            0x08004754   Section        4  printf1.o(x$fpl$printf1)
    tenpwrs_x                                0x08004758   Data          60  bigflt0.o(.constdata)
    .constdata                               0x08004758   Section      148  bigflt0.o(.constdata)
    x$fpl$usenofp                            0x08004758   Section        0  usenofp.o(x$fpl$usenofp)
    tenpwrs_i                                0x08004794   Data          64  bigflt0.o(.constdata)
    .L__const.HAL_RCC_GetSysClockFreq.aPredivFactorTable 0x080047ec   Data           2  stm32f1xx_hal_rcc.o(.rodata..L__const.HAL_RCC_GetSysClockFreq.aPredivFactorTable)
    .L__const.HAL_RCC_GetSysClockFreq.aPLLMULFactorTable 0x08004f72   Data          16  stm32f1xx_hal_rcc.o(.rodata.cst16)
    locale$$data                             0x08004fa4   Section       28  lc_numeric_c.o(locale$$data)
    __lcnum_c_name                           0x08004fa8   Data           2  lc_numeric_c.o(locale$$data)
    __lcnum_c_start                          0x08004fb0   Data           0  lc_numeric_c.o(locale$$data)
    __lcnum_c_point                          0x08004fbc   Data           0  lc_numeric_c.o(locale$$data)
    __lcnum_c_thousands                      0x08004fbe   Data           0  lc_numeric_c.o(locale$$data)
    __lcnum_c_grouping                       0x08004fbf   Data           0  lc_numeric_c.o(locale$$data)
    __lcnum_c_end                            0x08004fc0   Data           0  lc_numeric_c.o(locale$$data)
    .L_MergedGlobals                         0x20000000   Data           8  stm32f1xx_hal.o(.data..L_MergedGlobals)
    [Anonymous Symbol]                       0x20000000   Section        0  stm32f1xx_hal.o(.data..L_MergedGlobals)
    .bss                                     0x20000018   Section       96  libspace.o(.bss)
    .L_MergedGlobals                         0x20000078   Data           6  ssd1306.o(.bss..L_MergedGlobals)
    SSD1306.2                                0x20000078   Data           1  ssd1306.o(.bss..L_MergedGlobals)
    [Anonymous Symbol]                       0x20000078   Section        0  ssd1306.o(.bss..L_MergedGlobals)
    SSD1306.0                                0x2000007a   Data           2  ssd1306.o(.bss..L_MergedGlobals)
    SSD1306.1                                0x2000007c   Data           2  ssd1306.o(.bss..L_MergedGlobals)
    .L_MergedGlobals                         0x20000080   Data          80  main.o(.bss..L_MergedGlobals)
    [Anonymous Symbol]                       0x20000080   Section        0  main.o(.bss..L_MergedGlobals)
    SSD1306_Buffer                           0x200000d0   Data        1024  ssd1306.o(.bss.SSD1306_Buffer)
    [Anonymous Symbol]                       0x200000d0   Section        0  ssd1306.o(.bss.SSD1306_Buffer)
    Heap_Mem                                 0x20000570   Data         512  startup_stm32f103xb.o(HEAP)
    HEAP                                     0x20000570   Section      512  startup_stm32f103xb.o(HEAP)
    Stack_Mem                                0x20000770   Data        1024  startup_stm32f103xb.o(STACK)
    STACK                                    0x20000770   Section     1024  startup_stm32f103xb.o(STACK)
    __initial_sp                             0x20000b70   Data           0  startup_stm32f103xb.o(STACK)

    Global Symbols

    Symbol Name                              Value     Ov Type        Size  Object(Section)

    BuildAttributes$$THM_ISAv4$P$D$K$B$S$PE$A:L22UL41UL21$X:L11$S22US41US21$IEEE1$IW$~IW$USESV6$~STKCKD$USESV7$~SHL$OTIME$ROPI$IEEEJ$EBA8$UX$STANDARDLIB$REQ8$PRES8$EABIv2 0x00000000   Number         0  anon$$obj.o ABSOLUTE
    __fp_init_empty                          0x00000000   Number         0  fpinit_empty.o ABSOLUTE
    _printf_flags                            0x00000000   Number         0  printf_stubs.o ABSOLUTE
    _printf_return_value                     0x00000000   Number         0  printf_stubs.o ABSOLUTE
    _printf_sizespec                         0x00000000   Number         0  printf_stubs.o ABSOLUTE
    _printf_widthprec                        0x00000000   Number         0  printf_stubs.o ABSOLUTE
    __ARM_exceptions_init                     - Undefined Weak Reference
    __alloca_initialize                       - Undefined Weak Reference
    __arm_preinit_                            - Undefined Weak Reference
    __arm_relocate_pie_                       - Undefined Weak Reference
    __cpp_initialize__aeabi_                  - Undefined Weak Reference
    __cxa_finalize                            - Undefined Weak Reference
    __sigvec_lookup                           - Undefined Weak Reference
    _atexit_init                              - Undefined Weak Reference
    _call_atexit_fns                          - Undefined Weak Reference
    _clock_init                               - Undefined Weak Reference
    _fp_trap_init                             - Undefined Weak Reference
    _fp_trap_shutdown                         - Undefined Weak Reference
    _get_lc_collate                           - Undefined Weak Reference
    _get_lc_ctype                             - Undefined Weak Reference
    _get_lc_monetary                          - Undefined Weak Reference
    _get_lc_time                              - Undefined Weak Reference
    _getenv_init                              - Undefined Weak Reference
    _handle_redirection                       - Undefined Weak Reference
    _init_alloc                               - Undefined Weak Reference
    _init_user_alloc                          - Undefined Weak Reference
    _initio                                   - Undefined Weak Reference
    _printf_post_padding                      - Undefined Weak Reference
    _printf_pre_padding                       - Undefined Weak Reference
    _rand_init                                - Undefined Weak Reference
    _signal_finish                            - Undefined Weak Reference
    _signal_init                              - Undefined Weak Reference
    _terminate_alloc                          - Undefined Weak Reference
    _terminate_user_alloc                     - Undefined Weak Reference
    _terminateio                              - Undefined Weak Reference
    __Vectors_Size                           0x000000ec   Number         0  startup_stm32f103xb.o ABSOLUTE
    __Vectors                                0x08000000   Data           4  startup_stm32f103xb.o(RESET)
    __Vectors_End                            0x080000ec   Data           0  startup_stm32f103xb.o(RESET)
    __main                                   0x080000ed   Thumb Code     8  __main.o(!!!main)
    __scatterload                            0x080000f5   Thumb Code     0  __scatter.o(!!!scatter)
    __scatterload_rt2                        0x080000f5   Thumb Code    44  __scatter.o(!!!scatter)
    __scatterload_rt2_thumb_only             0x080000f5   Thumb Code     0  __scatter.o(!!!scatter)
    __scatterload_null                       0x08000103   Thumb Code     0  __scatter.o(!!!scatter)
    __scatterload_copy                       0x08000129   Thumb Code    26  __scatter_copy.o(!!handler_copy)
    __scatterload_zeroinit                   0x08000145   Thumb Code    28  __scatter_zi.o(!!handler_zi)
    _printf_f                                0x08000161   Thumb Code     0  _printf_f.o(.ARM.Collect$$_printf_percent$$00000003)
    _printf_percent                          0x08000161   Thumb Code     0  _printf_percent.o(.ARM.Collect$$_printf_percent$$00000000)
    _printf_percent_end                      0x08000167   Thumb Code     0  _printf_percent_end.o(.ARM.Collect$$_printf_percent$$00000017)
    __rt_lib_init                            0x0800016b   Thumb Code     0  libinit.o(.ARM.Collect$$libinit$$00000000)
    __rt_lib_init_fp_1                       0x0800016d   Thumb Code     0  libinit2.o(.ARM.Collect$$libinit$$00000002)
    __rt_lib_init_heap_1                     0x0800016d   Thumb Code     0  libinit2.o(.ARM.Collect$$libinit$$0000000C)
    __rt_lib_init_lc_common                  0x0800016d   Thumb Code     0  libinit2.o(.ARM.Collect$$libinit$$00000011)
    __rt_lib_init_preinit_1                  0x0800016d   Thumb Code     0  libinit2.o(.ARM.Collect$$libinit$$00000006)
    __rt_lib_init_rand_1                     0x0800016d   Thumb Code     0  libinit2.o(.ARM.Collect$$libinit$$00000010)
    __rt_lib_init_relocate_pie_1             0x0800016d   Thumb Code     0  libinit2.o(.ARM.Collect$$libinit$$00000004)
    __rt_lib_init_user_alloc_1               0x0800016d   Thumb Code     0  libinit2.o(.ARM.Collect$$libinit$$0000000E)
    __rt_lib_init_lc_collate_1               0x08000173   Thumb Code     0  libinit2.o(.ARM.Collect$$libinit$$00000013)
    __rt_lib_init_lc_ctype_1                 0x08000173   Thumb Code     0  libinit2.o(.ARM.Collect$$libinit$$00000015)
    __rt_lib_init_lc_monetary_1              0x08000173   Thumb Code     0  libinit2.o(.ARM.Collect$$libinit$$00000017)
    __rt_lib_init_lc_numeric_2               0x08000173   Thumb Code     0  libinit2.o(.ARM.Collect$$libinit$$00000018)
    __rt_lib_init_alloca_1                   0x0800017d   Thumb Code     0  libinit2.o(.ARM.Collect$$libinit$$00000030)
    __rt_lib_init_argv_1                     0x0800017d   Thumb Code     0  libinit2.o(.ARM.Collect$$libinit$$0000002E)
    __rt_lib_init_atexit_1                   0x0800017d   Thumb Code     0  libinit2.o(.ARM.Collect$$libinit$$0000001D)
    __rt_lib_init_clock_1                    0x0800017d   Thumb Code     0  libinit2.o(.ARM.Collect$$libinit$$00000023)
    __rt_lib_init_cpp_1                      0x0800017d   Thumb Code     0  libinit2.o(.ARM.Collect$$libinit$$00000034)
    __rt_lib_init_exceptions_1               0x0800017d   Thumb Code     0  libinit2.o(.ARM.Collect$$libinit$$00000032)
    __rt_lib_init_fp_trap_1                  0x0800017d   Thumb Code     0  libinit2.o(.ARM.Collect$$libinit$$00000021)
    __rt_lib_init_getenv_1                   0x0800017d   Thumb Code     0  libinit2.o(.ARM.Collect$$libinit$$00000025)
    __rt_lib_init_lc_numeric_1               0x0800017d   Thumb Code     0  libinit2.o(.ARM.Collect$$libinit$$00000019)
    __rt_lib_init_lc_time_1                  0x0800017d   Thumb Code     0  libinit2.o(.ARM.Collect$$libinit$$0000001B)
    __rt_lib_init_return                     0x0800017d   Thumb Code     0  libinit2.o(.ARM.Collect$$libinit$$00000035)
    __rt_lib_init_signal_1                   0x0800017d   Thumb Code     0  libinit2.o(.ARM.Collect$$libinit$$0000001F)
    __rt_lib_init_stdio_1                    0x0800017d   Thumb Code     0  libinit2.o(.ARM.Collect$$libinit$$00000027)
    __rt_lib_shutdown                        0x0800017f   Thumb Code     0  libshutdown.o(.ARM.Collect$$libshutdown$$00000000)
    __rt_lib_shutdown_cpp_1                  0x08000181   Thumb Code     0  libshutdown2.o(.ARM.Collect$$libshutdown$$00000002)
    __rt_lib_shutdown_fp_trap_1              0x08000181   Thumb Code     0  libshutdown2.o(.ARM.Collect$$libshutdown$$00000007)
    __rt_lib_shutdown_heap_1                 0x08000181   Thumb Code     0  libshutdown2.o(.ARM.Collect$$libshutdown$$0000000F)
    __rt_lib_shutdown_return                 0x08000181   Thumb Code     0  libshutdown2.o(.ARM.Collect$$libshutdown$$00000010)
    __rt_lib_shutdown_signal_1               0x08000181   Thumb Code     0  libshutdown2.o(.ARM.Collect$$libshutdown$$0000000A)
    __rt_lib_shutdown_stdio_1                0x08000181   Thumb Code     0  libshutdown2.o(.ARM.Collect$$libshutdown$$00000004)
    __rt_lib_shutdown_user_alloc_1           0x08000181   Thumb Code     0  libshutdown2.o(.ARM.Collect$$libshutdown$$0000000C)
    __rt_entry                               0x08000183   Thumb Code     0  __rtentry.o(.ARM.Collect$$rtentry$$00000000)
    __rt_entry_presh_1                       0x08000183   Thumb Code     0  __rtentry2.o(.ARM.Collect$$rtentry$$00000002)
    __rt_entry_sh                            0x08000183   Thumb Code     0  __rtentry4.o(.ARM.Collect$$rtentry$$00000004)
    __rt_entry_li                            0x08000189   Thumb Code     0  __rtentry2.o(.ARM.Collect$$rtentry$$0000000A)
    __rt_entry_postsh_1                      0x08000189   Thumb Code     0  __rtentry2.o(.ARM.Collect$$rtentry$$00000009)
    __rt_entry_main                          0x0800018d   Thumb Code     0  __rtentry2.o(.ARM.Collect$$rtentry$$0000000D)
    __rt_entry_postli_1                      0x0800018d   Thumb Code     0  __rtentry2.o(.ARM.Collect$$rtentry$$0000000C)
    __rt_exit                                0x08000195   Thumb Code     0  rtexit.o(.ARM.Collect$$rtexit$$00000000)
    __rt_exit_ls                             0x08000197   Thumb Code     0  rtexit2.o(.ARM.Collect$$rtexit$$00000003)
    __rt_exit_prels_1                        0x08000197   Thumb Code     0  rtexit2.o(.ARM.Collect$$rtexit$$00000002)
    __rt_exit_exit                           0x0800019b   Thumb Code     0  rtexit2.o(.ARM.Collect$$rtexit$$00000004)
    Reset_Handler                            0x080001a1   Thumb Code     8  startup_stm32f103xb.o(.text)
    ADC1_2_IRQHandler                        0x080001bb   Thumb Code     0  startup_stm32f103xb.o(.text)
    CAN1_RX1_IRQHandler                      0x080001bb   Thumb Code     0  startup_stm32f103xb.o(.text)
    CAN1_SCE_IRQHandler                      0x080001bb   Thumb Code     0  startup_stm32f103xb.o(.text)
    DMA1_Channel2_IRQHandler                 0x080001bb   Thumb Code     0  startup_stm32f103xb.o(.text)
    DMA1_Channel3_IRQHandler                 0x080001bb   Thumb Code     0  startup_stm32f103xb.o(.text)
    DMA1_Channel4_IRQHandler                 0x080001bb   Thumb Code     0  startup_stm32f103xb.o(.text)
    DMA1_Channel5_IRQHandler                 0x080001bb   Thumb Code     0  startup_stm32f103xb.o(.text)
    DMA1_Channel6_IRQHandler                 0x080001bb   Thumb Code     0  startup_stm32f103xb.o(.text)
    DMA1_Channel7_IRQHandler                 0x080001bb   Thumb Code     0  startup_stm32f103xb.o(.text)
    EXTI15_10_IRQHandler                     0x080001bb   Thumb Code     0  startup_stm32f103xb.o(.text)
    EXTI1_IRQHandler                         0x080001bb   Thumb Code     0  startup_stm32f103xb.o(.text)
    EXTI2_IRQHandler                         0x080001bb   Thumb Code     0  startup_stm32f103xb.o(.text)
    EXTI3_IRQHandler                         0x080001bb   Thumb Code     0  startup_stm32f103xb.o(.text)
    EXTI4_IRQHandler                         0x080001bb   Thumb Code     0  startup_stm32f103xb.o(.text)
    EXTI9_5_IRQHandler                       0x080001bb   Thumb Code     0  startup_stm32f103xb.o(.text)
    FLASH_IRQHandler                         0x080001bb   Thumb Code     0  startup_stm32f103xb.o(.text)
    I2C1_ER_IRQHandler                       0x080001bb   Thumb Code     0  startup_stm32f103xb.o(.text)
    I2C1_EV_IRQHandler                       0x080001bb   Thumb Code     0  startup_stm32f103xb.o(.text)
    I2C2_ER_IRQHandler                       0x080001bb   Thumb Code     0  startup_stm32f103xb.o(.text)
    I2C2_EV_IRQHandler                       0x080001bb   Thumb Code     0  startup_stm32f103xb.o(.text)
    PVD_IRQHandler                           0x080001bb   Thumb Code     0  startup_stm32f103xb.o(.text)
    RCC_IRQHandler                           0x080001bb   Thumb Code     0  startup_stm32f103xb.o(.text)
    RTC_Alarm_IRQHandler                     0x080001bb   Thumb Code     0  startup_stm32f103xb.o(.text)
    RTC_IRQHandler                           0x080001bb   Thumb Code     0  startup_stm32f103xb.o(.text)
    SPI1_IRQHandler                          0x080001bb   Thumb Code     0  startup_stm32f103xb.o(.text)
    SPI2_IRQHandler                          0x080001bb   Thumb Code     0  startup_stm32f103xb.o(.text)
    TAMPER_IRQHandler                        0x080001bb   Thumb Code     0  startup_stm32f103xb.o(.text)
    TIM1_BRK_IRQHandler                      0x080001bb   Thumb Code     0  startup_stm32f103xb.o(.text)
    TIM1_CC_IRQHandler                       0x080001bb   Thumb Code     0  startup_stm32f103xb.o(.text)
    TIM1_TRG_COM_IRQHandler                  0x080001bb   Thumb Code     0  startup_stm32f103xb.o(.text)
    TIM1_UP_IRQHandler                       0x080001bb   Thumb Code     0  startup_stm32f103xb.o(.text)
    TIM2_IRQHandler                          0x080001bb   Thumb Code     0  startup_stm32f103xb.o(.text)
    TIM3_IRQHandler                          0x080001bb   Thumb Code     0  startup_stm32f103xb.o(.text)
    TIM4_IRQHandler                          0x080001bb   Thumb Code     0  startup_stm32f103xb.o(.text)
    USART1_IRQHandler                        0x080001bb   Thumb Code     0  startup_stm32f103xb.o(.text)
    USART2_IRQHandler                        0x080001bb   Thumb Code     0  startup_stm32f103xb.o(.text)
    USART3_IRQHandler                        0x080001bb   Thumb Code     0  startup_stm32f103xb.o(.text)
    USBWakeUp_IRQHandler                     0x080001bb   Thumb Code     0  startup_stm32f103xb.o(.text)
    USB_HP_CAN1_TX_IRQHandler                0x080001bb   Thumb Code     0  startup_stm32f103xb.o(.text)
    USB_LP_CAN1_RX0_IRQHandler               0x080001bb   Thumb Code     0  startup_stm32f103xb.o(.text)
    WWDG_IRQHandler                          0x080001bb   Thumb Code     0  startup_stm32f103xb.o(.text)
    __user_initial_stackheap                 0x080001bd   Thumb Code     0  startup_stm32f103xb.o(.text)
    __2sprintf                               0x080001e1   Thumb Code    34  noretval__2sprintf.o(.text)
    __printf                                 0x08000209   Thumb Code   270  __printf_wp.o(.text)
    __aeabi_memcpy                           0x08000317   Thumb Code     0  rt_memcpy_v6.o(.text)
    __rt_memcpy                              0x08000317   Thumb Code   138  rt_memcpy_v6.o(.text)
    _memcpy_lastbytes                        0x0800037d   Thumb Code     0  rt_memcpy_v6.o(.text)
    __aeabi_memclr4                          0x080003a1   Thumb Code     0  rt_memclr_w.o(.text)
    __aeabi_memclr8                          0x080003a1   Thumb Code     0  rt_memclr_w.o(.text)
    __rt_memclr_w                            0x080003a1   Thumb Code     0  rt_memclr_w.o(.text)
    _memset_w                                0x080003a5   Thumb Code    74  rt_memclr_w.o(.text)
    __use_two_region_memory                  0x080003ef   Thumb Code     2  heapauxi.o(.text)
    __rt_heap_escrow$2region                 0x080003f1   Thumb Code     2  heapauxi.o(.text)
    __rt_heap_expand$2region                 0x080003f3   Thumb Code     2  heapauxi.o(.text)
    _printf_fp_dec_real                      0x080005a5   Thumb Code   620  _printf_fp_dec.o(.text)
    _printf_char_common                      0x0800081b   Thumb Code    32  _printf_char_common.o(.text)
    _sputc                                   0x08000841   Thumb Code    10  _sputc.o(.text)
    __aeabi_memcpy4                          0x0800084b   Thumb Code     0  rt_memcpy_w.o(.text)
    __aeabi_memcpy8                          0x0800084b   Thumb Code     0  rt_memcpy_w.o(.text)
    __rt_memcpy_w                            0x0800084b   Thumb Code   100  rt_memcpy_w.o(.text)
    _memcpy_lastbytes_aligned                0x08000893   Thumb Code     0  rt_memcpy_w.o(.text)
    __rt_locale                              0x080008b1   Thumb Code     8  rt_locale_intlibspace.o(.text)
    _ll_udiv10                               0x080008b9   Thumb Code   138  lludiv10.o(.text)
    _printf_fp_infnan                        0x08000945   Thumb Code   112  _printf_fp_infnan.o(.text)
    _btod_etento                             0x080009c5   Thumb Code   224  bigflt0.o(.text)
    __user_libspace                          0x08000aa9   Thumb Code     8  libspace.o(.text)
    __user_perproc_libspace                  0x08000aa9   Thumb Code     0  libspace.o(.text)
    __user_perthread_libspace                0x08000aa9   Thumb Code     0  libspace.o(.text)
    __user_setup_stackheap                   0x08000ab1   Thumb Code    74  sys_stackheap_outer.o(.text)
    exit                                     0x08000afb   Thumb Code    18  exit.o(.text)
    strcmp                                   0x08000b0d   Thumb Code   128  strcmpv7m.o(.text)
    _sys_exit                                0x08000b8d   Thumb Code     8  sys_exit.o(.text)
    __I$use$semihosting                      0x08000b99   Thumb Code     0  use_no_semi.o(.text)
    __use_no_semihosting_swi                 0x08000b99   Thumb Code     2  use_no_semi.o(.text)
    __semihosting_library_function           0x08000b9b   Thumb Code     0  indicate_semi.o(.text)
    ADC_DMAConvCplt                          0x08000b9d   Thumb Code    82  stm32f1xx_hal_adc.o(.text.ADC_DMAConvCplt)
    ADC_DMAError                             0x08000bf1   Thumb Code    22  stm32f1xx_hal_adc.o(.text.ADC_DMAError)
    ADC_DMAHalfConvCplt                      0x08000c09   Thumb Code     6  stm32f1xx_hal_adc.o(.text.ADC_DMAHalfConvCplt)
    ADC_Enable                               0x08000c11   Thumb Code   182  stm32f1xx_hal_adc.o(.text.ADC_Enable)
    BusFault_Handler                         0x08000cc9   Thumb Code     2  stm32f1xx_it.o(.text.BusFault_Handler)
    DMA1_Channel1_IRQHandler                 0x08000ccd   Thumb Code    12  stm32f1xx_it.o(.text.DMA1_Channel1_IRQHandler)
    DebugMon_Handler                         0x08000cd9   Thumb Code     2  stm32f1xx_it.o(.text.DebugMon_Handler)
    EXTI0_IRQHandler                         0x08000cdd   Thumb Code    26  stm32f1xx_it.o(.text.EXTI0_IRQHandler)
    Error_Handler                            0x08000cf9   Thumb Code    10  main.o(.text.Error_Handler)
    HAL_ADC_ConfigChannel                    0x08000d05   Thumb Code   396  stm32f1xx_hal_adc.o(.text.HAL_ADC_ConfigChannel)
    HAL_ADC_ConvCpltCallback                 0x08000e91   Thumb Code     2  stm32f1xx_hal_adc.o(.text.HAL_ADC_ConvCpltCallback)
    HAL_ADC_ConvHalfCpltCallback             0x08000e95   Thumb Code     2  stm32f1xx_hal_adc.o(.text.HAL_ADC_ConvHalfCpltCallback)
    HAL_ADC_ErrorCallback                    0x08000e99   Thumb Code     2  stm32f1xx_hal_adc.o(.text.HAL_ADC_ErrorCallback)
    HAL_ADC_Init                             0x08000e9d   Thumb Code   348  stm32f1xx_hal_adc.o(.text.HAL_ADC_Init)
    HAL_ADC_MspInit                          0x08000ff9   Thumb Code   202  stm32f1xx_hal_msp.o(.text.HAL_ADC_MspInit)
    HAL_ADC_Start_DMA                        0x080010c5   Thumb Code   280  stm32f1xx_hal_adc.o(.text.HAL_ADC_Start_DMA)
    HAL_DMA_IRQHandler                       0x080011dd   Thumb Code   412  stm32f1xx_hal_dma.o(.text.HAL_DMA_IRQHandler)
    HAL_DMA_Init                             0x08001379   Thumb Code   118  stm32f1xx_hal_dma.o(.text.HAL_DMA_Init)
    HAL_DMA_Start_IT                         0x080013f1   Thumb Code   156  stm32f1xx_hal_dma.o(.text.HAL_DMA_Start_IT)
    HAL_GPIO_EXTI_Callback                   0x0800148d   Thumb Code     2  stm32f1xx_hal_gpio.o(.text.HAL_GPIO_EXTI_Callback)
    HAL_GPIO_EXTI_IRQHandler                 0x08001491   Thumb Code    22  stm32f1xx_hal_gpio.o(.text.HAL_GPIO_EXTI_IRQHandler)
    HAL_GPIO_Init                            0x080014a9   Thumb Code   538  stm32f1xx_hal_gpio.o(.text.HAL_GPIO_Init)
    HAL_GPIO_ReadPin                         0x080016c5   Thumb Code    10  stm32f1xx_hal_gpio.o(.text.HAL_GPIO_ReadPin)
    HAL_GetTick                              0x080016d1   Thumb Code    12  stm32f1xx_hal.o(.text.HAL_GetTick)
    HAL_I2C_Init                             0x080016dd   Thumb Code   374  stm32f1xx_hal_i2c.o(.text.HAL_I2C_Init)
    HAL_I2C_IsDeviceReady                    0x08001855   Thumb Code   550  stm32f1xx_hal_i2c.o(.text.HAL_I2C_IsDeviceReady)
    HAL_I2C_Master_Transmit                  0x08001a7d   Thumb Code  1144  stm32f1xx_hal_i2c.o(.text.HAL_I2C_Master_Transmit)
    HAL_I2C_MspInit                          0x08001ef5   Thumb Code    98  stm32f1xx_hal_msp.o(.text.HAL_I2C_MspInit)
    HAL_IncTick                              0x08001f59   Thumb Code    26  stm32f1xx_hal.o(.text.HAL_IncTick)
    HAL_Init                                 0x08001f75   Thumb Code    38  stm32f1xx_hal.o(.text.HAL_Init)
    HAL_InitTick                             0x08001f9d   Thumb Code    72  stm32f1xx_hal.o(.text.HAL_InitTick)
    HAL_MspInit                              0x08001fe5   Thumb Code    66  stm32f1xx_hal_msp.o(.text.HAL_MspInit)
    HAL_NVIC_EnableIRQ                       0x08002029   Thumb Code    38  stm32f1xx_hal_cortex.o(.text.HAL_NVIC_EnableIRQ)
    HAL_NVIC_SetPriority                     0x08002051   Thumb Code    86  stm32f1xx_hal_cortex.o(.text.HAL_NVIC_SetPriority)
    HAL_NVIC_SetPriorityGrouping             0x080020a9   Thumb Code    32  stm32f1xx_hal_cortex.o(.text.HAL_NVIC_SetPriorityGrouping)
    HAL_RCCEx_PeriphCLKConfig                0x080020c9   Thumb Code   266  stm32f1xx_hal_rcc_ex.o(.text.HAL_RCCEx_PeriphCLKConfig)
    HAL_RCC_ClockConfig                      0x080021d5   Thumb Code   446  stm32f1xx_hal_rcc.o(.text.HAL_RCC_ClockConfig)
    HAL_RCC_GetPCLK1Freq                     0x08002395   Thumb Code    38  stm32f1xx_hal_rcc.o(.text.HAL_RCC_GetPCLK1Freq)
    HAL_RCC_OscConfig                        0x080023bd   Thumb Code   948  stm32f1xx_hal_rcc.o(.text.HAL_RCC_OscConfig)
    HAL_SYSTICK_Callback                     0x08002771   Thumb Code     2  stm32f1xx_hal_cortex.o(.text.HAL_SYSTICK_Callback)
    HAL_SYSTICK_Config                       0x08002775   Thumb Code    44  stm32f1xx_hal_cortex.o(.text.HAL_SYSTICK_Config)
    HAL_SYSTICK_IRQHandler                   0x080027a1   Thumb Code     4  stm32f1xx_hal_cortex.o(.text.HAL_SYSTICK_IRQHandler)
    HardFault_Handler                        0x080027a5   Thumb Code     2  stm32f1xx_it.o(.text.HardFault_Handler)
    MemManage_Handler                        0x080027a9   Thumb Code     2  stm32f1xx_it.o(.text.MemManage_Handler)
    NMI_Handler                              0x080027ad   Thumb Code     2  stm32f1xx_it.o(.text.NMI_Handler)
    PendSV_Handler                           0x080027b1   Thumb Code     2  stm32f1xx_it.o(.text.PendSV_Handler)
    SSD1306_GotoXY                           0x080027b5   Thumb Code    14  ssd1306.o(.text.SSD1306_GotoXY)
    SSD1306_Init                             0x080027c5   Thumb Code   772  ssd1306.o(.text.SSD1306_Init)
    SSD1306_Putc                             0x08002ac9   Thumb Code   258  ssd1306.o(.text.SSD1306_Putc)
    SSD1306_Puts                             0x08002bcd   Thumb Code    48  ssd1306.o(.text.SSD1306_Puts)
    SSD1306_UpdateScreen                     0x08002bfd   Thumb Code   160  ssd1306.o(.text.SSD1306_UpdateScreen)
    SVC_Handler                              0x08002c9d   Thumb Code     2  stm32f1xx_it.o(.text.SVC_Handler)
    SysTick_Handler                          0x08002ca1   Thumb Code    14  stm32f1xx_it.o(.text.SysTick_Handler)
    SystemInit                               0x08002cb1   Thumb Code     2  system_stm32f1xx.o(.text.SystemInit)
    UsageFault_Handler                       0x08002cb5   Thumb Code     2  stm32f1xx_it.o(.text.UsageFault_Handler)
    main                                     0x08002cb9   Thumb Code  1140  main.o(.text.main)
    _btod_d2e                                0x08003191   Thumb Code    62  btod.o(CL$$btod_d2e)
    _d2e_denorm_low                          0x080031cf   Thumb Code    70  btod.o(CL$$btod_d2e_denorm_low)
    _d2e_norm_op1                            0x08003215   Thumb Code    96  btod.o(CL$$btod_d2e_norm_op1)
    __btod_div_common                        0x08003275   Thumb Code   696  btod.o(CL$$btod_div_common)
    _e2e                                     0x080035ad   Thumb Code   220  btod.o(CL$$btod_e2e)
    _btod_ediv                               0x08003689   Thumb Code    42  btod.o(CL$$btod_ediv)
    _btod_emul                               0x080036b3   Thumb Code    42  btod.o(CL$$btod_emul)
    __btod_mult_common                       0x080036dd   Thumb Code   580  btod.o(CL$$btod_mult_common)
    __ARM_fpclassify                         0x08003921   Thumb Code    40  fpclassify.o(i.__ARM_fpclassify)
    _is_digit                                0x08003949   Thumb Code    14  __printf_wp.o(i._is_digit)
    _get_lc_numeric                          0x08003959   Thumb Code    44  lc_numeric_c.o(locale$$code)
    __aeabi_d2f                              0x08003985   Thumb Code     0  d2f.o(x$fpl$d2f)
    _d2f                                     0x08003985   Thumb Code    98  d2f.o(x$fpl$d2f)
    __aeabi_dadd                             0x080039e9   Thumb Code     0  daddsub_clz.o(x$fpl$dadd)
    _dadd                                    0x080039e9   Thumb Code   332  daddsub_clz.o(x$fpl$dadd)
    __fpl_dcmp_Inf                           0x08003b39   Thumb Code    24  dcmpi.o(x$fpl$dcmpinf)
    __aeabi_ddiv                             0x08003b51   Thumb Code     0  ddiv.o(x$fpl$ddiv)
    _ddiv                                    0x08003b51   Thumb Code   556  ddiv.o(x$fpl$ddiv)
    __aeabi_cdcmpeq                          0x08003e05   Thumb Code     0  deqf.o(x$fpl$deqf)
    _dcmpeq                                  0x08003e05   Thumb Code   120  deqf.o(x$fpl$deqf)
    __aeabi_ui2d                             0x08003e7d   Thumb Code     0  dflt_clz.o(x$fpl$dfltu)
    _dfltu                                   0x08003e7d   Thumb Code    38  dflt_clz.o(x$fpl$dfltu)
    __aeabi_cdcmpge                          0x08003ea5   Thumb Code     0  dgeqf.o(x$fpl$dgeqf)
    _dcmpge                                  0x08003ea5   Thumb Code   120  dgeqf.o(x$fpl$dgeqf)
    __aeabi_cdcmple                          0x08003f1d   Thumb Code     0  dleqf.o(x$fpl$dleqf)
    _dcmple                                  0x08003f1d   Thumb Code   120  dleqf.o(x$fpl$dleqf)
    __fpl_dcmple_InfNaN                      0x08003f7f   Thumb Code     0  dleqf.o(x$fpl$dleqf)
    __aeabi_dmul                             0x08003f95   Thumb Code     0  dmul.o(x$fpl$dmul)
    _dmul                                    0x08003f95   Thumb Code   332  dmul.o(x$fpl$dmul)
    __fpl_dnaninf                            0x080040e9   Thumb Code   156  dnaninf.o(x$fpl$dnaninf)
    __fpl_dretinf                            0x08004185   Thumb Code    12  dretinf.o(x$fpl$dretinf)
    __aeabi_dsub                             0x08004191   Thumb Code     0  daddsub_clz.o(x$fpl$dsub)
    _dsub                                    0x08004191   Thumb Code   472  daddsub_clz.o(x$fpl$dsub)
    __aeabi_f2d                              0x0800436d   Thumb Code     0  f2d.o(x$fpl$f2d)
    _f2d                                     0x0800436d   Thumb Code    86  f2d.o(x$fpl$f2d)
    __aeabi_dcmpeq                           0x080043c3   Thumb Code     0  dcmp.o(x$fpl$fcmp)
    _deq                                     0x080043c3   Thumb Code    14  dcmp.o(x$fpl$fcmp)
    _dneq                                    0x080043d1   Thumb Code    14  dcmp.o(x$fpl$fcmp)
    __aeabi_dcmpgt                           0x080043df   Thumb Code     0  dcmp.o(x$fpl$fcmp)
    _dgr                                     0x080043df   Thumb Code    14  dcmp.o(x$fpl$fcmp)
    __aeabi_dcmpge                           0x080043ed   Thumb Code     0  dcmp.o(x$fpl$fcmp)
    _dgeq                                    0x080043ed   Thumb Code    14  dcmp.o(x$fpl$fcmp)
    __aeabi_dcmple                           0x080043fb   Thumb Code     0  dcmp.o(x$fpl$fcmp)
    _dleq                                    0x080043fb   Thumb Code    14  dcmp.o(x$fpl$fcmp)
    __aeabi_dcmplt                           0x08004409   Thumb Code     0  dcmp.o(x$fpl$fcmp)
    _dls                                     0x08004409   Thumb Code    14  dcmp.o(x$fpl$fcmp)
    __aeabi_fcmpeq                           0x08004417   Thumb Code     0  fcmp.o(x$fpl$fcmp)
    _feq                                     0x08004417   Thumb Code    14  fcmp.o(x$fpl$fcmp)
    _fneq                                    0x08004425   Thumb Code    14  fcmp.o(x$fpl$fcmp)
    __aeabi_fcmpgt                           0x08004433   Thumb Code     0  fcmp.o(x$fpl$fcmp)
    _fgr                                     0x08004433   Thumb Code    14  fcmp.o(x$fpl$fcmp)
    __aeabi_fcmpge                           0x08004441   Thumb Code     0  fcmp.o(x$fpl$fcmp)
    _fgeq                                    0x08004441   Thumb Code    14  fcmp.o(x$fpl$fcmp)
    __aeabi_fcmple                           0x0800444f   Thumb Code     0  fcmp.o(x$fpl$fcmp)
    _fleq                                    0x0800444f   Thumb Code    14  fcmp.o(x$fpl$fcmp)
    __aeabi_fcmplt                           0x0800445d   Thumb Code     0  fcmp.o(x$fpl$fcmp)
    _fls                                     0x0800445d   Thumb Code    14  fcmp.o(x$fpl$fcmp)
    __fpl_fcmp_Inf                           0x0800446b   Thumb Code    24  fcmpi.o(x$fpl$fcmpinf)
    __aeabi_cfcmpeq                          0x08004485   Thumb Code     0  feqf.o(x$fpl$feqf)
    _fcmpeq                                  0x08004485   Thumb Code   104  feqf.o(x$fpl$feqf)
    _fcmpge                                  0x080044ed   Thumb Code   104  fgeqf.o(x$fpl$fgeqf)
    __aeabi_cfcmple                          0x08004555   Thumb Code     0  fleqf.o(x$fpl$fleqf)
    _fcmple                                  0x08004555   Thumb Code   104  fleqf.o(x$fpl$fleqf)
    __fpl_fcmple_InfNaN                      0x080045a7   Thumb Code     0  fleqf.o(x$fpl$fleqf)
    __aeabi_fmul                             0x080045bd   Thumb Code     0  fmul.o(x$fpl$fmul)
    _fmul                                    0x080045bd   Thumb Code   258  fmul.o(x$fpl$fmul)
    __fpl_fnaninf                            0x080046bf   Thumb Code   140  fnaninf.o(x$fpl$fnaninf)
    __fpl_fretinf                            0x0800474b   Thumb Code    10  fretinf.o(x$fpl$fretinf)
    _printf_fp_dec                           0x08004755   Thumb Code     4  printf1.o(x$fpl$printf1)
    __I$use$fp                               0x08004758   Number         0  usenofp.o(x$fpl$usenofp)
    AHBPrescTable                            0x080047ee   Data          16  system_stm32f1xx.o(.rodata.AHBPrescTable)
    APBPrescTable                            0x080047fe   Data           8  system_stm32f1xx.o(.rodata.APBPrescTable)
    Font7x10                                 0x08004806   Data        1900  fonts.o(.rodata.Font7x10)
    Region$$Table$$Base                      0x08004f84   Number         0  anon$$obj.o(Region$$Table)
    Region$$Table$$Limit                     0x08004fa4   Number         0  anon$$obj.o(Region$$Table)
    uwTickFreq                               0x20000000   Data           1  stm32f1xx_hal.o(.data..L_MergedGlobals)
    uwTickPrio                               0x20000004   Data           4  stm32f1xx_hal.o(.data..L_MergedGlobals)
    Font_7x10                                0x20000008   Data           8  fonts.o(.data.Font_7x10)
    SystemCoreClock                          0x20000010   Data           4  system_stm32f1xx.o(.data.SystemCoreClock)
    __libspace_start                         0x20000018   Data          96  libspace.o(.bss)
    __temporary_stack_top$libspace           0x20000078   Data           0  libspace.o(.bss)
    data                                     0x20000080   Data          32  main.o(.bss..L_MergedGlobals)
    hadc1                                    0x200000a0   Data          48  main.o(.bss..L_MergedGlobals)
    hdma_adc1                                0x200004d0   Data          68  main.o(.bss.hdma_adc1)
    hi2c1                                    0x20000514   Data          84  main.o(.bss.hi2c1)
    uwTick                                   0x20000568   Data           4  stm32f1xx_hal.o(.bss.uwTick)



==============================================================================

Memory Map of the image

  Image Entry point : 0x080000ed

  Load Region LR_IROM1 (Base: 0x08000000, Size: 0x00004fd8, Max: 0x00010000, ABSOLUTE)

    Execution Region ER_IROM1 (Exec base: 0x08000000, Load base: 0x08000000, Size: 0x00004fc0, Max: 0x00010000, ABSOLUTE)

    Exec Addr    Load Addr    Size         Type   Attr      Idx    E Section Name        Object

    0x08000000   0x08000000   0x000000ec   Data   RO            3    RESET               startup_stm32f103xb.o
    0x080000ec   0x080000ec   0x00000008   Code   RO          823  * !!!main             c_w.l(__main.o)
    0x080000f4   0x080000f4   0x00000034   Code   RO         1105    !!!scatter          c_w.l(__scatter.o)
    0x08000128   0x08000128   0x0000001a   Code   RO         1107    !!handler_copy      c_w.l(__scatter_copy.o)
    0x08000142   0x08000142   0x00000002   PAD
    0x08000144   0x08000144   0x0000001c   Code   RO         1109    !!handler_zi        c_w.l(__scatter_zi.o)
    0x08000160   0x08000160   0x00000000   Code   RO          812    .ARM.Collect$$_printf_percent$$00000000  c_w.l(_printf_percent.o)
    0x08000160   0x08000160   0x00000006   Code   RO          811    .ARM.Collect$$_printf_percent$$00000003  c_w.l(_printf_f.o)
    0x08000166   0x08000166   0x00000004   Code   RO          864    .ARM.Collect$$_printf_percent$$00000017  c_w.l(_printf_percent_end.o)
    0x0800016a   0x0800016a   0x00000002   Code   RO          968    .ARM.Collect$$libinit$$00000000  c_w.l(libinit.o)
    0x0800016c   0x0800016c   0x00000000   Code   RO          970    .ARM.Collect$$libinit$$00000002  c_w.l(libinit2.o)
    0x0800016c   0x0800016c   0x00000000   Code   RO          972    .ARM.Collect$$libinit$$00000004  c_w.l(libinit2.o)
    0x0800016c   0x0800016c   0x00000000   Code   RO          974    .ARM.Collect$$libinit$$00000006  c_w.l(libinit2.o)
    0x0800016c   0x0800016c   0x00000000   Code   RO          977    .ARM.Collect$$libinit$$0000000C  c_w.l(libinit2.o)
    0x0800016c   0x0800016c   0x00000000   Code   RO          979    .ARM.Collect$$libinit$$0000000E  c_w.l(libinit2.o)
    0x0800016c   0x0800016c   0x00000000   Code   RO          981    .ARM.Collect$$libinit$$00000010  c_w.l(libinit2.o)
    0x0800016c   0x0800016c   0x00000006   Code   RO          982    .ARM.Collect$$libinit$$00000011  c_w.l(libinit2.o)
    0x08000172   0x08000172   0x00000000   Code   RO          984    .ARM.Collect$$libinit$$00000013  c_w.l(libinit2.o)
    0x08000172   0x08000172   0x00000000   Code   RO          986    .ARM.Collect$$libinit$$00000015  c_w.l(libinit2.o)
    0x08000172   0x08000172   0x00000000   Code   RO          988    .ARM.Collect$$libinit$$00000017  c_w.l(libinit2.o)
    0x08000172   0x08000172   0x0000000a   Code   RO          989    .ARM.Collect$$libinit$$00000018  c_w.l(libinit2.o)
    0x0800017c   0x0800017c   0x00000000   Code   RO          990    .ARM.Collect$$libinit$$00000019  c_w.l(libinit2.o)
    0x0800017c   0x0800017c   0x00000000   Code   RO          992    .ARM.Collect$$libinit$$0000001B  c_w.l(libinit2.o)
    0x0800017c   0x0800017c   0x00000000   Code   RO          994    .ARM.Collect$$libinit$$0000001D  c_w.l(libinit2.o)
    0x0800017c   0x0800017c   0x00000000   Code   RO          996    .ARM.Collect$$libinit$$0000001F  c_w.l(libinit2.o)
    0x0800017c   0x0800017c   0x00000000   Code   RO          998    .ARM.Collect$$libinit$$00000021  c_w.l(libinit2.o)
    0x0800017c   0x0800017c   0x00000000   Code   RO         1000    .ARM.Collect$$libinit$$00000023  c_w.l(libinit2.o)
    0x0800017c   0x0800017c   0x00000000   Code   RO         1002    .ARM.Collect$$libinit$$00000025  c_w.l(libinit2.o)
    0x0800017c   0x0800017c   0x00000000   Code   RO         1004    .ARM.Collect$$libinit$$00000027  c_w.l(libinit2.o)
    0x0800017c   0x0800017c   0x00000000   Code   RO         1008    .ARM.Collect$$libinit$$0000002E  c_w.l(libinit2.o)
    0x0800017c   0x0800017c   0x00000000   Code   RO         1010    .ARM.Collect$$libinit$$00000030  c_w.l(libinit2.o)
    0x0800017c   0x0800017c   0x00000000   Code   RO         1012    .ARM.Collect$$libinit$$00000032  c_w.l(libinit2.o)
    0x0800017c   0x0800017c   0x00000000   Code   RO         1014    .ARM.Collect$$libinit$$00000034  c_w.l(libinit2.o)
    0x0800017c   0x0800017c   0x00000002   Code   RO         1015    .ARM.Collect$$libinit$$00000035  c_w.l(libinit2.o)
    0x0800017e   0x0800017e   0x00000002   Code   RO         1051    .ARM.Collect$$libshutdown$$00000000  c_w.l(libshutdown.o)
    0x08000180   0x08000180   0x00000000   Code   RO         1062    .ARM.Collect$$libshutdown$$00000002  c_w.l(libshutdown2.o)
    0x08000180   0x08000180   0x00000000   Code   RO         1064    .ARM.Collect$$libshutdown$$00000004  c_w.l(libshutdown2.o)
    0x08000180   0x08000180   0x00000000   Code   RO         1067    .ARM.Collect$$libshutdown$$00000007  c_w.l(libshutdown2.o)
    0x08000180   0x08000180   0x00000000   Code   RO         1070    .ARM.Collect$$libshutdown$$0000000A  c_w.l(libshutdown2.o)
    0x08000180   0x08000180   0x00000000   Code   RO         1072    .ARM.Collect$$libshutdown$$0000000C  c_w.l(libshutdown2.o)
    0x08000180   0x08000180   0x00000000   Code   RO         1075    .ARM.Collect$$libshutdown$$0000000F  c_w.l(libshutdown2.o)
    0x08000180   0x08000180   0x00000002   Code   RO         1076    .ARM.Collect$$libshutdown$$00000010  c_w.l(libshutdown2.o)
    0x08000182   0x08000182   0x00000000   Code   RO          855    .ARM.Collect$$rtentry$$00000000  c_w.l(__rtentry.o)
    0x08000182   0x08000182   0x00000000   Code   RO          889    .ARM.Collect$$rtentry$$00000002  c_w.l(__rtentry2.o)
    0x08000182   0x08000182   0x00000006   Code   RO          901    .ARM.Collect$$rtentry$$00000004  c_w.l(__rtentry4.o)
    0x08000188   0x08000188   0x00000000   Code   RO          891    .ARM.Collect$$rtentry$$00000009  c_w.l(__rtentry2.o)
    0x08000188   0x08000188   0x00000004   Code   RO          892    .ARM.Collect$$rtentry$$0000000A  c_w.l(__rtentry2.o)
    0x0800018c   0x0800018c   0x00000000   Code   RO          894    .ARM.Collect$$rtentry$$0000000C  c_w.l(__rtentry2.o)
    0x0800018c   0x0800018c   0x00000008   Code   RO          895    .ARM.Collect$$rtentry$$0000000D  c_w.l(__rtentry2.o)
    0x08000194   0x08000194   0x00000002   Code   RO         1016    .ARM.Collect$$rtexit$$00000000  c_w.l(rtexit.o)
    0x08000196   0x08000196   0x00000000   Code   RO         1025    .ARM.Collect$$rtexit$$00000002  c_w.l(rtexit2.o)
    0x08000196   0x08000196   0x00000004   Code   RO         1026    .ARM.Collect$$rtexit$$00000003  c_w.l(rtexit2.o)
    0x0800019a   0x0800019a   0x00000006   Code   RO         1027    .ARM.Collect$$rtexit$$00000004  c_w.l(rtexit2.o)
    0x080001a0   0x080001a0   0x00000040   Code   RO            4    .text               startup_stm32f103xb.o
    0x080001e0   0x080001e0   0x00000028   Code   RO          787    .text               c_w.l(noretval__2sprintf.o)
    0x08000208   0x08000208   0x0000010e   Code   RO          799    .text               c_w.l(__printf_wp.o)
    0x08000316   0x08000316   0x0000008a   Code   RO          815    .text               c_w.l(rt_memcpy_v6.o)
    0x080003a0   0x080003a0   0x0000004e   Code   RO          819    .text               c_w.l(rt_memclr_w.o)
    0x080003ee   0x080003ee   0x00000006   Code   RO          821    .text               c_w.l(heapauxi.o)
    0x080003f4   0x080003f4   0x0000041c   Code   RO          856    .text               c_w.l(_printf_fp_dec.o)
    0x08000810   0x08000810   0x00000030   Code   RO          860    .text               c_w.l(_printf_char_common.o)
    0x08000840   0x08000840   0x0000000a   Code   RO          862    .text               c_w.l(_sputc.o)
    0x0800084a   0x0800084a   0x00000064   Code   RO          865    .text               c_w.l(rt_memcpy_w.o)
    0x080008ae   0x080008ae   0x00000002   PAD
    0x080008b0   0x080008b0   0x00000008   Code   RO          906    .text               c_w.l(rt_locale_intlibspace.o)
    0x080008b8   0x080008b8   0x0000008a   Code   RO          908    .text               c_w.l(lludiv10.o)
    0x08000942   0x08000942   0x00000002   PAD
    0x08000944   0x08000944   0x00000080   Code   RO          910    .text               c_w.l(_printf_fp_infnan.o)
    0x080009c4   0x080009c4   0x000000e4   Code   RO          914    .text               c_w.l(bigflt0.o)
    0x08000aa8   0x08000aa8   0x00000008   Code   RO          952    .text               c_w.l(libspace.o)
    0x08000ab0   0x08000ab0   0x0000004a   Code   RO          955    .text               c_w.l(sys_stackheap_outer.o)
    0x08000afa   0x08000afa   0x00000012   Code   RO          959    .text               c_w.l(exit.o)
    0x08000b0c   0x08000b0c   0x00000080   Code   RO          961    .text               c_w.l(strcmpv7m.o)
    0x08000b8c   0x08000b8c   0x0000000c   Code   RO         1037    .text               c_w.l(sys_exit.o)
    0x08000b98   0x08000b98   0x00000002   Code   RO         1052    .text               c_w.l(use_no_semi.o)
    0x08000b9a   0x08000b9a   0x00000000   Code   RO         1054    .text               c_w.l(indicate_semi.o)
    0x08000b9a   0x08000b9a   0x00000002   PAD
    0x08000b9c   0x08000b9c   0x00000052   Code   RO          230    .text.ADC_DMAConvCplt  stm32f1xx_hal_adc.o
    0x08000bee   0x08000bee   0x00000002   PAD
    0x08000bf0   0x08000bf0   0x00000016   Code   RO          234    .text.ADC_DMAError  stm32f1xx_hal_adc.o
    0x08000c06   0x08000c06   0x00000002   PAD
    0x08000c08   0x08000c08   0x00000006   Code   RO          232    .text.ADC_DMAHalfConvCplt  stm32f1xx_hal_adc.o
    0x08000c0e   0x08000c0e   0x00000002   PAD
    0x08000c10   0x08000c10   0x000000b6   Code   RO          216    .text.ADC_Enable    stm32f1xx_hal_adc.o
    0x08000cc6   0x08000cc6   0x00000002   PAD
    0x08000cc8   0x08000cc8   0x00000002   Code   RO          149    .text.BusFault_Handler  stm32f1xx_it.o
    0x08000cca   0x08000cca   0x00000002   PAD
    0x08000ccc   0x08000ccc   0x0000000c   Code   RO          163    .text.DMA1_Channel1_IRQHandler  stm32f1xx_it.o
    0x08000cd8   0x08000cd8   0x00000002   Code   RO          155    .text.DebugMon_Handler  stm32f1xx_it.o
    0x08000cda   0x08000cda   0x00000002   PAD
    0x08000cdc   0x08000cdc   0x0000001a   Code   RO          161    .text.EXTI0_IRQHandler  stm32f1xx_it.o
    0x08000cf6   0x08000cf6   0x00000002   PAD
    0x08000cf8   0x08000cf8   0x0000000a   Code   RO          116    .text.Error_Handler  main.o
    0x08000d02   0x08000d02   0x00000002   PAD
    0x08000d04   0x08000d04   0x0000018c   Code   RO          250    .text.HAL_ADC_ConfigChannel  stm32f1xx_hal_adc.o
    0x08000e90   0x08000e90   0x00000002   Code   RO          242    .text.HAL_ADC_ConvCpltCallback  stm32f1xx_hal_adc.o
    0x08000e92   0x08000e92   0x00000002   PAD
    0x08000e94   0x08000e94   0x00000002   Code   RO          246    .text.HAL_ADC_ConvHalfCpltCallback  stm32f1xx_hal_adc.o
    0x08000e96   0x08000e96   0x00000002   PAD
    0x08000e98   0x08000e98   0x00000002   Code   RO          248    .text.HAL_ADC_ErrorCallback  stm32f1xx_hal_adc.o
    0x08000e9a   0x08000e9a   0x00000002   PAD
    0x08000e9c   0x08000e9c   0x0000015c   Code   RO          204    .text.HAL_ADC_Init  stm32f1xx_hal_adc.o
    0x08000ff8   0x08000ff8   0x000000ca   Code   RO          174    .text.HAL_ADC_MspInit  stm32f1xx_hal_msp.o
    0x080010c2   0x080010c2   0x00000002   PAD
    0x080010c4   0x080010c4   0x00000118   Code   RO          228    .text.HAL_ADC_Start_DMA  stm32f1xx_hal_adc.o
    0x080011dc   0x080011dc   0x0000019c   Code   RO          450    .text.HAL_DMA_IRQHandler  stm32f1xx_hal_dma.o
    0x08001378   0x08001378   0x00000076   Code   RO          436    .text.HAL_DMA_Init  stm32f1xx_hal_dma.o
    0x080013ee   0x080013ee   0x00000002   PAD
    0x080013f0   0x080013f0   0x0000009c   Code   RO          442    .text.HAL_DMA_Start_IT  stm32f1xx_hal_dma.o
    0x0800148c   0x0800148c   0x00000002   Code   RO          426    .text.HAL_GPIO_EXTI_Callback  stm32f1xx_hal_gpio.o
    0x0800148e   0x0800148e   0x00000002   PAD
    0x08001490   0x08001490   0x00000016   Code   RO          424    .text.HAL_GPIO_EXTI_IRQHandler  stm32f1xx_hal_gpio.o
    0x080014a6   0x080014a6   0x00000002   PAD
    0x080014a8   0x080014a8   0x0000021a   Code   RO          412    .text.HAL_GPIO_Init  stm32f1xx_hal_gpio.o
    0x080016c2   0x080016c2   0x00000002   PAD
    0x080016c4   0x080016c4   0x0000000a   Code   RO          416    .text.HAL_GPIO_ReadPin  stm32f1xx_hal_gpio.o
    0x080016ce   0x080016ce   0x00000002   PAD
    0x080016d0   0x080016d0   0x0000000c   Code   RO          312    .text.HAL_GetTick   stm32f1xx_hal.o
    0x080016dc   0x080016dc   0x00000176   Code   RO          633    .text.HAL_I2C_Init  stm32f1xx_hal_i2c.o
    0x08001852   0x08001852   0x00000002   PAD
    0x08001854   0x08001854   0x00000226   Code   RO          689    .text.HAL_I2C_IsDeviceReady  stm32f1xx_hal_i2c.o
    0x08001a7a   0x08001a7a   0x00000002   PAD
    0x08001a7c   0x08001a7c   0x00000478   Code   RO          641    .text.HAL_I2C_Master_Transmit  stm32f1xx_hal_i2c.o
    0x08001ef4   0x08001ef4   0x00000062   Code   RO          178    .text.HAL_I2C_MspInit  stm32f1xx_hal_msp.o
    0x08001f56   0x08001f56   0x00000002   PAD
    0x08001f58   0x08001f58   0x0000001a   Code   RO          310    .text.HAL_IncTick   stm32f1xx_hal.o
    0x08001f72   0x08001f72   0x00000002   PAD
    0x08001f74   0x08001f74   0x00000026   Code   RO          300    .text.HAL_Init      stm32f1xx_hal.o
    0x08001f9a   0x08001f9a   0x00000002   PAD
    0x08001f9c   0x08001f9c   0x00000048   Code   RO          302    .text.HAL_InitTick  stm32f1xx_hal.o
    0x08001fe4   0x08001fe4   0x00000042   Code   RO          172    .text.HAL_MspInit   stm32f1xx_hal_msp.o
    0x08002026   0x08002026   0x00000002   PAD
    0x08002028   0x08002028   0x00000026   Code   RO          472    .text.HAL_NVIC_EnableIRQ  stm32f1xx_hal_cortex.o
    0x0800204e   0x0800204e   0x00000002   PAD
    0x08002050   0x08002050   0x00000056   Code   RO          470    .text.HAL_NVIC_SetPriority  stm32f1xx_hal_cortex.o
    0x080020a6   0x080020a6   0x00000002   PAD
    0x080020a8   0x080020a8   0x00000020   Code   RO          468    .text.HAL_NVIC_SetPriorityGrouping  stm32f1xx_hal_cortex.o
    0x080020c8   0x080020c8   0x0000010a   Code   RO          398    .text.HAL_RCCEx_PeriphCLKConfig  stm32f1xx_hal_rcc_ex.o
    0x080021d2   0x080021d2   0x00000002   PAD
    0x080021d4   0x080021d4   0x000001be   Code   RO          364    .text.HAL_RCC_ClockConfig  stm32f1xx_hal_rcc.o
    0x08002392   0x08002392   0x00000002   PAD
    0x08002394   0x08002394   0x00000026   Code   RO          376    .text.HAL_RCC_GetPCLK1Freq  stm32f1xx_hal_rcc.o
    0x080023ba   0x080023ba   0x00000002   PAD
    0x080023bc   0x080023bc   0x000003b4   Code   RO          362    .text.HAL_RCC_OscConfig  stm32f1xx_hal_rcc.o
    0x08002770   0x08002770   0x00000002   Code   RO          498    .text.HAL_SYSTICK_Callback  stm32f1xx_hal_cortex.o
    0x08002772   0x08002772   0x00000002   PAD
    0x08002774   0x08002774   0x0000002c   Code   RO          480    .text.HAL_SYSTICK_Config  stm32f1xx_hal_cortex.o
    0x080027a0   0x080027a0   0x00000004   Code   RO          496    .text.HAL_SYSTICK_IRQHandler  stm32f1xx_hal_cortex.o
    0x080027a4   0x080027a4   0x00000002   Code   RO          145    .text.HardFault_Handler  stm32f1xx_it.o
    0x080027a6   0x080027a6   0x00000002   PAD
    0x080027a8   0x080027a8   0x00000002   Code   RO          147    .text.MemManage_Handler  stm32f1xx_it.o
    0x080027aa   0x080027aa   0x00000002   PAD
    0x080027ac   0x080027ac   0x00000002   Code   RO          143    .text.NMI_Handler   stm32f1xx_it.o
    0x080027ae   0x080027ae   0x00000002   PAD
    0x080027b0   0x080027b0   0x00000002   Code   RO          157    .text.PendSV_Handler  stm32f1xx_it.o
    0x080027b2   0x080027b2   0x00000002   PAD
    0x080027b4   0x080027b4   0x0000000e   Code   RO           54    .text.SSD1306_GotoXY  ssd1306.o
    0x080027c2   0x080027c2   0x00000002   PAD
    0x080027c4   0x080027c4   0x00000304   Code   RO           44    .text.SSD1306_Init  ssd1306.o
    0x08002ac8   0x08002ac8   0x00000102   Code   RO           56    .text.SSD1306_Putc  ssd1306.o
    0x08002bca   0x08002bca   0x00000002   PAD
    0x08002bcc   0x08002bcc   0x00000030   Code   RO           58    .text.SSD1306_Puts  ssd1306.o
    0x08002bfc   0x08002bfc   0x000000a0   Code   RO           48    .text.SSD1306_UpdateScreen  ssd1306.o
    0x08002c9c   0x08002c9c   0x00000002   Code   RO          153    .text.SVC_Handler   stm32f1xx_it.o
    0x08002c9e   0x08002c9e   0x00000002   PAD
    0x08002ca0   0x08002ca0   0x0000000e   Code   RO          159    .text.SysTick_Handler  stm32f1xx_it.o
    0x08002cae   0x08002cae   0x00000002   PAD
    0x08002cb0   0x08002cb0   0x00000002   Code   RO          769    .text.SystemInit    system_stm32f1xx.o
    0x08002cb2   0x08002cb2   0x00000002   PAD
    0x08002cb4   0x08002cb4   0x00000002   Code   RO          151    .text.UsageFault_Handler  stm32f1xx_it.o
    0x08002cb6   0x08002cb6   0x00000002   PAD
    0x08002cb8   0x08002cb8   0x000004d8   Code   RO          112    .text.main          main.o
    0x08003190   0x08003190   0x0000003e   Code   RO          917    CL$$btod_d2e        c_w.l(btod.o)
    0x080031ce   0x080031ce   0x00000046   Code   RO          919    CL$$btod_d2e_denorm_low  c_w.l(btod.o)
    0x08003214   0x08003214   0x00000060   Code   RO          918    CL$$btod_d2e_norm_op1  c_w.l(btod.o)
    0x08003274   0x08003274   0x00000338   Code   RO          927    CL$$btod_div_common  c_w.l(btod.o)
    0x080035ac   0x080035ac   0x000000dc   Code   RO          924    CL$$btod_e2e        c_w.l(btod.o)
    0x08003688   0x08003688   0x0000002a   Code   RO          921    CL$$btod_ediv       c_w.l(btod.o)
    0x080036b2   0x080036b2   0x0000002a   Code   RO          920    CL$$btod_emul       c_w.l(btod.o)
    0x080036dc   0x080036dc   0x00000244   Code   RO          926    CL$$btod_mult_common  c_w.l(btod.o)
    0x08003920   0x08003920   0x00000028   Code   RO          950    i.__ARM_fpclassify  m_ws.l(fpclassify.o)
    0x08003948   0x08003948   0x0000000e   Code   RO          801    i._is_digit         c_w.l(__printf_wp.o)
    0x08003956   0x08003956   0x00000002   PAD
    0x08003958   0x08003958   0x0000002c   Code   RO          942    locale$$code        c_w.l(lc_numeric_c.o)
    0x08003984   0x08003984   0x00000062   Code   RO          825    x$fpl$d2f           fz_ws.l(d2f.o)
    0x080039e6   0x080039e6   0x00000002   PAD
    0x080039e8   0x080039e8   0x00000150   Code   RO          827    x$fpl$dadd          fz_ws.l(daddsub_clz.o)
    0x08003b38   0x08003b38   0x00000018   Code   RO          944    x$fpl$dcmpinf       fz_ws.l(dcmpi.o)
    0x08003b50   0x08003b50   0x000002b4   Code   RO          836    x$fpl$ddiv          fz_ws.l(ddiv.o)
    0x08003e04   0x08003e04   0x00000078   Code   RO          867    x$fpl$deqf          fz_ws.l(deqf.o)
    0x08003e7c   0x08003e7c   0x00000026   Code   RO          839    x$fpl$dfltu         fz_ws.l(dflt_clz.o)
    0x08003ea2   0x08003ea2   0x00000002   PAD
    0x08003ea4   0x08003ea4   0x00000078   Code   RO          869    x$fpl$dgeqf         fz_ws.l(dgeqf.o)
    0x08003f1c   0x08003f1c   0x00000078   Code   RO          871    x$fpl$dleqf         fz_ws.l(dleqf.o)
    0x08003f94   0x08003f94   0x00000154   Code   RO          845    x$fpl$dmul          fz_ws.l(dmul.o)
    0x080040e8   0x080040e8   0x0000009c   Code   RO          873    x$fpl$dnaninf       fz_ws.l(dnaninf.o)
    0x08004184   0x08004184   0x0000000c   Code   RO          875    x$fpl$dretinf       fz_ws.l(dretinf.o)
    0x08004190   0x08004190   0x000001dc   Code   RO          829    x$fpl$dsub          fz_ws.l(daddsub_clz.o)
    0x0800436c   0x0800436c   0x00000056   Code   RO          847    x$fpl$f2d           fz_ws.l(f2d.o)
    0x080043c2   0x080043c2   0x00000054   Code   RO          833    x$fpl$fcmp          fz_ws.l(dcmp.o)
    0x08004416   0x08004416   0x00000054   Code   RO          849    x$fpl$fcmp          fz_ws.l(fcmp.o)
    0x0800446a   0x0800446a   0x00000018   Code   RO          946    x$fpl$fcmpinf       fz_ws.l(fcmpi.o)
    0x08004482   0x08004482   0x00000002   PAD
    0x08004484   0x08004484   0x00000068   Code   RO          877    x$fpl$feqf          fz_ws.l(feqf.o)
    0x080044ec   0x080044ec   0x00000068   Code   RO          879    x$fpl$fgeqf         fz_ws.l(fgeqf.o)
    0x08004554   0x08004554   0x00000068   Code   RO          881    x$fpl$fleqf         fz_ws.l(fleqf.o)
    0x080045bc   0x080045bc   0x00000102   Code   RO          851    x$fpl$fmul          fz_ws.l(fmul.o)
    0x080046be   0x080046be   0x0000008c   Code   RO          883    x$fpl$fnaninf       fz_ws.l(fnaninf.o)
    0x0800474a   0x0800474a   0x0000000a   Code   RO          885    x$fpl$fretinf       fz_ws.l(fretinf.o)
    0x08004754   0x08004754   0x00000004   Code   RO          853    x$fpl$printf1       fz_ws.l(printf1.o)
    0x08004758   0x08004758   0x00000000   Code   RO          887    x$fpl$usenofp       fz_ws.l(usenofp.o)
    0x08004758   0x08004758   0x00000094   Data   RO          915    .constdata          c_w.l(bigflt0.o)
    0x080047ec   0x080047ec   0x00000002   Data   RO          389    .rodata..L__const.HAL_RCC_GetSysClockFreq.aPredivFactorTable  stm32f1xx_hal_rcc.o
    0x080047ee   0x080047ee   0x00000010   Data   RO          774    .rodata.AHBPrescTable  system_stm32f1xx.o
    0x080047fe   0x080047fe   0x00000008   Data   RO          775    .rodata.APBPrescTable  system_stm32f1xx.o
    0x08004806   0x08004806   0x0000076c   Data   RO           13    .rodata.Font7x10    fonts.o
    0x08004f72   0x08004f72   0x00000010   Data   RO          388    .rodata.cst16       stm32f1xx_hal_rcc.o
    0x08004f82   0x08004f82   0x00000002   PAD
    0x08004f84   0x08004f84   0x00000020   Data   RO         1104    Region$$Table       anon$$obj.o
    0x08004fa4   0x08004fa4   0x0000001c   Data   RO          941    locale$$data        c_w.l(lc_numeric_c.o)


    Execution Region RW_IRAM1 (Exec base: 0x20000000, Load base: 0x08004fc0, Size: 0x00000b70, Max: 0x00005000, ABSOLUTE)

    Exec Addr    Load Addr    Size         Type   Attr      Idx    E Section Name        Object

    0x20000000   0x08004fc0   0x00000008   Data   RW          351    .data..L_MergedGlobals  stm32f1xx_hal.o
    0x20000008   0x08004fc8   0x00000008   Data   RW           16    .data.Font_7x10     fonts.o
    0x20000010   0x08004fd0   0x00000004   Data   RW          773    .data.SystemCoreClock  system_stm32f1xx.o
    0x20000014   0x08004fd4   0x00000004   PAD
    0x20000018        -       0x00000060   Zero   RW          953    .bss                c_w.l(libspace.o)
    0x20000078        -       0x00000006   Zero   RW           83    .bss..L_MergedGlobals  ssd1306.o
    0x2000007e   0x08004fd4   0x00000002   PAD
    0x20000080        -       0x00000050   Zero   RW          134    .bss..L_MergedGlobals  main.o
    0x200000d0        -       0x00000400   Zero   RW           82    .bss.SSD1306_Buffer  ssd1306.o
    0x200004d0        -       0x00000044   Zero   RW          131    .bss.hdma_adc1      main.o
    0x20000514        -       0x00000054   Zero   RW          132    .bss.hi2c1          main.o
    0x20000568        -       0x00000004   Zero   RW          350    .bss.uwTick         stm32f1xx_hal.o
    0x2000056c   0x08004fd4   0x00000004   PAD
    0x20000570        -       0x00000200   Zero   RW            2    HEAP                startup_stm32f103xb.o
    0x20000770        -       0x00000400   Zero   RW            1    STACK               startup_stm32f103xb.o


==============================================================================

Image component sizes


      Code (inc. data)   RO Data    RW Data    ZI Data      Debug   Object Name

         0          0       1900          8          0       1238   fonts.o
      1250        100          0          0        232       9519   main.o
      1252          0          0          0       1030      23846   ssd1306.o
        64         26        236          0       1536        788   startup_stm32f103xb.o
       148          0          0          8          4       5726   stm32f1xx_hal.o
      1322          0          0          0          0      13106   stm32f1xx_hal_adc.o
       206          0          0          0          0       8484   stm32f1xx_hal_cortex.o
       686          0          0          0          0       8385   stm32f1xx_hal_dma.o
       572         22          0          0          0       4529   stm32f1xx_hal_gpio.o
      2068          0          0          0          0      53248   stm32f1xx_hal_i2c.o
       366          0          0          0          0       6099   stm32f1xx_hal_msp.o
      1432          0         18          0          0       7647   stm32f1xx_hal_rcc.o
       266          0          0          0          0       3543   stm32f1xx_hal_rcc_ex.o
        68          0          0          0          0       3141   stm32f1xx_it.o
         2          0         24          4          0       1606   system_stm32f1xx.o

    ----------------------------------------------------------------------
      9780        148       2212         20       2812     150905   Object Totals
         0          0         32          0          0          0   (incl. Generated)
        78          0          2          0         10          0   (incl. Padding)

    ----------------------------------------------------------------------

      Code (inc. data)   RO Data    RW Data    ZI Data      Debug   Library Member Name

         8          0          0          0          0         68   __main.o
       284          0          0          0          0        156   __printf_wp.o
         0          0          0          0          0          0   __rtentry.o
        12          0          0          0          0          0   __rtentry2.o
         6          0          0          0          0          0   __rtentry4.o
        52          8          0          0          0          0   __scatter.o
        26          0          0          0          0          0   __scatter_copy.o
        28          0          0          0          0          0   __scatter_zi.o
        48          6          0          0          0         96   _printf_char_common.o
         6          0          0          0          0          0   _printf_f.o
      1052          0          0          0          0        148   _printf_fp_dec.o
       128         16          0          0          0         84   _printf_fp_infnan.o
         0          0          0          0          0          0   _printf_percent.o
         4          0          0          0          0          0   _printf_percent_end.o
        10          0          0          0          0         68   _sputc.o
       228          4        148          0          0         96   bigflt0.o
      1936        128          0          0          0        668   btod.o
        18          0          0          0          0         80   exit.o
         6          0          0          0          0        152   heapauxi.o
         0          0          0          0          0          0   indicate_semi.o
        44         10         28          0          0         76   lc_numeric_c.o
         2          0          0          0          0          0   libinit.o
        18          0          0          0          0          0   libinit2.o
         2          0          0          0          0          0   libshutdown.o
         2          0          0          0          0          0   libshutdown2.o
         8          4          0          0         96         68   libspace.o
       138          0          0          0          0         80   lludiv10.o
        40          6          0          0          0         84   noretval__2sprintf.o
         8          4          0          0          0         68   rt_locale_intlibspace.o
        78          0          0          0          0         80   rt_memclr_w.o
       138          0          0          0          0         68   rt_memcpy_v6.o
       100          0          0          0          0         80   rt_memcpy_w.o
         2          0          0          0          0          0   rtexit.o
        10          0          0          0          0          0   rtexit2.o
       128          0          0          0          0         68   strcmpv7m.o
        12          4          0          0          0         68   sys_exit.o
        74          0          0          0          0         80   sys_stackheap_outer.o
         2          0          0          0          0         68   use_no_semi.o
        98          4          0          0          0         92   d2f.o
       812         16          0          0          0        296   daddsub_clz.o
        84          0          0          0          0        196   dcmp.o
        24          0          0          0          0         68   dcmpi.o
       692        140          0          0          0        216   ddiv.o
       120          4          0          0          0         92   deqf.o
        38          0          0          0          0         68   dflt_clz.o
       120          4          0          0          0         92   dgeqf.o
       120          4          0          0          0         92   dleqf.o
       340         12          0          0          0        104   dmul.o
       156          4          0          0          0         92   dnaninf.o
        12          0          0          0          0         68   dretinf.o
        86          4          0          0          0         84   f2d.o
        84          0          0          0          0        196   fcmp.o
        24          0          0          0          0         68   fcmpi.o
       104          4          0          0          0         84   feqf.o
       104          4          0          0          0         84   fgeqf.o
       104          4          0          0          0         84   fleqf.o
       258          4          0          0          0         84   fmul.o
       140          4          0          0          0         84   fnaninf.o
        10          0          0          0          0         68   fretinf.o
         4          0          0          0          0         68   printf1.o
         0          0          0          0          0          0   usenofp.o
        40          0          0          0          0         68   fpclassify.o

    ----------------------------------------------------------------------
      8248        402        176          0         96       4952   Library Totals
        16          0          0          0          0          0   (incl. Padding)

    ----------------------------------------------------------------------

      Code (inc. data)   RO Data    RW Data    ZI Data      Debug   Library Name

      4658        190        176          0         96       2504   c_w.l
      3534        212          0          0          0       2380   fz_ws.l
        40          0          0          0          0         68   m_ws.l

    ----------------------------------------------------------------------
      8248        402        176          0         96       4952   Library Totals

    ----------------------------------------------------------------------

==============================================================================


      Code (inc. data)   RO Data    RW Data    ZI Data      Debug   

     18028        550       2388         20       2908     153065   Grand Totals
     18028        550       2388         20       2908     153065   ELF Image Totals
     18028        550       2388         20          0          0   ROM Totals

==============================================================================

    Total RO  Size (Code + RO Data)                20416 (  19.94kB)
    Total RW  Size (RW Data + ZI Data)              2928 (   2.86kB)
    Total ROM Size (Code + RO Data + RW Data)      20436 (  19.96kB)

==============================================================================

